Archive member included because of file (symbol)

C:/Freescale/KSDK_1.3.0/examples/frdmkl25z/demo_apps/hello_world/kds/../../../../../lib/ksdk_platform_lib/kds/KL25Z4/debug/libksdk_platform.a(fsl_uart_hal.o)
                              ./utilities/fsl_debug_console.o (UART_HAL_SetBaudRate)
C:/Freescale/KSDK_1.3.0/examples/frdmkl25z/demo_apps/hello_world/kds/../../../../../lib/ksdk_platform_lib/kds/KL25Z4/debug/libksdk_platform.a(fsl_lptmr_driver.o)
                              ./source/main.o (LPTMR_DRV_Init)
C:/Freescale/KSDK_1.3.0/examples/frdmkl25z/demo_apps/hello_world/kds/../../../../../lib/ksdk_platform_lib/kds/KL25Z4/debug/libksdk_platform.a(fsl_lpsci_hal.o)
                              ./utilities/fsl_debug_console.o (LPSCI_HAL_SetBaudRate)
C:/Freescale/KSDK_1.3.0/examples/frdmkl25z/demo_apps/hello_world/kds/../../../../../lib/ksdk_platform_lib/kds/KL25Z4/debug/libksdk_platform.a(fsl_gpio_driver.o)
                              ./source/main.o (GPIO_DRV_OutputPinInit)
C:/Freescale/KSDK_1.3.0/examples/frdmkl25z/demo_apps/hello_world/kds/../../../../../lib/ksdk_platform_lib/kds/KL25Z4/debug/libksdk_platform.a(fsl_clock_MKL25Z4.o)
                              ./board/board.o (CLOCK_SYS_SetSimConfigration)
C:/Freescale/KSDK_1.3.0/examples/frdmkl25z/demo_apps/hello_world/kds/../../../../../lib/ksdk_platform_lib/kds/KL25Z4/debug/libksdk_platform.a(fsl_clock_manager.o)
                              C:/Freescale/KSDK_1.3.0/examples/frdmkl25z/demo_apps/hello_world/kds/../../../../../lib/ksdk_platform_lib/kds/KL25Z4/debug/libksdk_platform.a(fsl_clock_MKL25Z4.o) (CLOCK_SYS_GetSystickFreq)
C:/Freescale/KSDK_1.3.0/examples/frdmkl25z/demo_apps/hello_world/kds/../../../../../lib/ksdk_platform_lib/kds/KL25Z4/debug/libksdk_platform.a(fsl_clock_manager_common.o)
                              C:/Freescale/KSDK_1.3.0/examples/frdmkl25z/demo_apps/hello_world/kds/../../../../../lib/ksdk_platform_lib/kds/KL25Z4/debug/libksdk_platform.a(fsl_clock_MKL25Z4.o) (g_oscBase)
C:/Freescale/KSDK_1.3.0/examples/frdmkl25z/demo_apps/hello_world/kds/../../../../../lib/ksdk_platform_lib/kds/KL25Z4/debug/libksdk_platform.a(fsl_os_abstraction_bm.o)
                              C:/Freescale/KSDK_1.3.0/examples/frdmkl25z/demo_apps/hello_world/kds/../../../../../lib/ksdk_platform_lib/kds/KL25Z4/debug/libksdk_platform.a(fsl_clock_manager.o) (OSA_EnterCritical)
C:/Freescale/KSDK_1.3.0/examples/frdmkl25z/demo_apps/hello_world/kds/../../../../../lib/ksdk_platform_lib/kds/KL25Z4/debug/libksdk_platform.a(fsl_sim_hal_MKL25Z4.o)
                              C:/Freescale/KSDK_1.3.0/examples/frdmkl25z/demo_apps/hello_world/kds/../../../../../lib/ksdk_platform_lib/kds/KL25Z4/debug/libksdk_platform.a(fsl_clock_MKL25Z4.o) (CLOCK_HAL_SetOutDiv)
C:/Freescale/KSDK_1.3.0/examples/frdmkl25z/demo_apps/hello_world/kds/../../../../../lib/ksdk_platform_lib/kds/KL25Z4/debug/libksdk_platform.a(fsl_osc_hal.o)
                              C:/Freescale/KSDK_1.3.0/examples/frdmkl25z/demo_apps/hello_world/kds/../../../../../lib/ksdk_platform_lib/kds/KL25Z4/debug/libksdk_platform.a(fsl_clock_manager.o) (OSC_HAL_SetCapacitor)
C:/Freescale/KSDK_1.3.0/examples/frdmkl25z/demo_apps/hello_world/kds/../../../../../lib/ksdk_platform_lib/kds/KL25Z4/debug/libksdk_platform.a(fsl_mcg_hal.o)
                              C:/Freescale/KSDK_1.3.0/examples/frdmkl25z/demo_apps/hello_world/kds/../../../../../lib/ksdk_platform_lib/kds/KL25Z4/debug/libksdk_platform.a(fsl_clock_MKL25Z4.o) (g_xtal0ClkFreq)
C:/Freescale/KSDK_1.3.0/examples/frdmkl25z/demo_apps/hello_world/kds/../../../../../lib/ksdk_platform_lib/kds/KL25Z4/debug/libksdk_platform.a(fsl_mcg_hal_modes.o)
                              C:/Freescale/KSDK_1.3.0/examples/frdmkl25z/demo_apps/hello_world/kds/../../../../../lib/ksdk_platform_lib/kds/KL25Z4/debug/libksdk_platform.a(fsl_clock_manager.o) (CLOCK_HAL_GetMcgMode)
C:/Freescale/KSDK_1.3.0/examples/frdmkl25z/demo_apps/hello_world/kds/../../../../../lib/ksdk_platform_lib/kds/KL25Z4/debug/libksdk_platform.a(fsl_lptmr_hal.o)
                              C:/Freescale/KSDK_1.3.0/examples/frdmkl25z/demo_apps/hello_world/kds/../../../../../lib/ksdk_platform_lib/kds/KL25Z4/debug/libksdk_platform.a(fsl_lptmr_driver.o) (LPTMR_HAL_Init)
C:/Freescale/KSDK_1.3.0/examples/frdmkl25z/demo_apps/hello_world/kds/../../../../../lib/ksdk_platform_lib/kds/KL25Z4/debug/libksdk_platform.a(fsl_lptmr_common.o)
                              C:/Freescale/KSDK_1.3.0/examples/frdmkl25z/demo_apps/hello_world/kds/../../../../../lib/ksdk_platform_lib/kds/KL25Z4/debug/libksdk_platform.a(fsl_lptmr_driver.o) (g_lptmrBase)
C:/Freescale/KSDK_1.3.0/examples/frdmkl25z/demo_apps/hello_world/kds/../../../../../lib/ksdk_platform_lib/kds/KL25Z4/debug/libksdk_platform.a(fsl_interrupt_manager.o)
                              C:/Freescale/KSDK_1.3.0/examples/frdmkl25z/demo_apps/hello_world/kds/../../../../../lib/ksdk_platform_lib/kds/KL25Z4/debug/libksdk_platform.a(fsl_os_abstraction_bm.o) (INT_SYS_InstallHandler)
[...]
Memory Configuration

Name             Origin             Length             Attributes
m_interrupts     0x00000000         0x00000100         xr
m_flash_config   0x00000400         0x00000010         xr
m_text           0x00000410         0x0001fbf0         xr
m_data           0x1ffff000         0x00004000         rw
*default*        0x00000000         0xffffffff

Linker script and memory map

LOAD c:/freescale/kds_v3/toolchain/bin/../lib/gcc/arm-none-eabi/4.8.4/armv6-m/crti.o
LOAD c:/freescale/kds_v3/toolchain/bin/../lib/gcc/arm-none-eabi/4.8.4/armv6-m/crtbegin.o
LOAD c:/freescale/kds_v3/toolchain/bin/../lib/gcc/arm-none-eabi/4.8.4/../../../../arm-none-eabi/lib/armv6-m/crt0.o
                0x00000400                __stack_size__ = 0x400
                0x00000200                __heap_size__ = 0x200
START GROUP
LOAD ./utilities/fsl_debug_console.o
LOAD ./utilities/fsl_misc_utilities.o
LOAD ./utilities/print_scan.o
LOAD ./startup/startup.o
LOAD ./startup/startup_MKL25Z4.o
LOAD ./startup/system_MKL25Z4.o
LOAD ./src/adc.o
LOAD ./src/app.o
LOAD ./src/dma.o
LOAD ./src/gpio.o
LOAD ./src/uart.o
LOAD ./source/fsl_lptmr_irq.o
LOAD ./source/main.o
LOAD ./board/board.o
LOAD ./board/gpio_pins.o
LOAD ./board/hardware_init.o
LOAD ./board/pin_mux.o
LOAD C:/Freescale/KSDK_1.3.0/examples/frdmkl25z/demo_apps/hello_world/kds/../../../../../lib/ksdk_platform_lib/kds/KL25Z4/debug/libksdk_platform.a
LOAD c:/freescale/kds_v3/toolchain/bin/../lib/gcc/arm-none-eabi/4.8.4/../../../../arm-none-eabi/lib/armv6-m\libm.a
LOAD c:/freescale/kds_v3/toolchain/bin/../lib/gcc/arm-none-eabi/4.8.4/../../../../arm-none-eabi/lib/armv6-m\libg_s.a
LOAD c:/freescale/kds_v3/toolchain/bin/../lib/gcc/arm-none-eabi/4.8.4/armv6-m\libgcc.a
LOAD c:/freescale/kds_v3/toolchain/bin/../lib/gcc/arm-none-eabi/4.8.4/../../../../arm-none-eabi/lib/armv6-m\libnosys.a
END GROUP
START GROUP
LOAD c:/freescale/kds_v3/toolchain/bin/../lib/gcc/arm-none-eabi/4.8.4/armv6-m\libgcc.a
LOAD c:/freescale/kds_v3/toolchain/bin/../lib/gcc/arm-none-eabi/4.8.4/../../../../arm-none-eabi/lib/armv6-m\libg_s.a
LOAD c:/freescale/kds_v3/toolchain/bin/../lib/gcc/arm-none-eabi/4.8.4/../../../../arm-none-eabi/lib/armv6-m\libc_s.a
END GROUP
START GROUP
LOAD c:/freescale/kds_v3/toolchain/bin/../lib/gcc/arm-none-eabi/4.8.4/armv6-m\libgcc.a
LOAD c:/freescale/kds_v3/toolchain/bin/../lib/gcc/arm-none-eabi/4.8.4/../../../../arm-none-eabi/lib/armv6-m\libc_s.a
END GROUP
LOAD c:/freescale/kds_v3/toolchain/bin/../lib/gcc/arm-none-eabi/4.8.4/armv6-m/crtend.o
LOAD c:/freescale/kds_v3/toolchain/bin/../lib/gcc/arm-none-eabi/4.8.4/armv6-m/crtn.o
                0x00000400                HEAP_SIZE = DEFINED (__heap_size__)?__heap_size__:0x400
                0x00000400                STACK_SIZE = DEFINED (__stack_size__)?__stack_size__:0x400
                0x00000000                M_VECTOR_RAM_SIZE = DEFINED (__ram_vector_table__)?0x100:0x0

.interrupts     0x00000000       0xc0
                0x00000000                __VECTOR_TABLE = .
                0x00000000                . = ALIGN (0x4)
 *(.isr_vector)
 .isr_vector    0x00000000       0xc0 ./startup/startup_MKL25Z4.o
                0x00000000                __isr_vector
                0x000000c0                . = ALIGN (0x4)

.flash_config   0x00000400       0x10
                0x00000400                . = ALIGN (0x4)
 *(.FlashConfig)
 .FlashConfig   0x00000400       0x10 ./startup/startup_MKL25Z4.o
                0x00000410                . = ALIGN (0x4)

.text           0x00000410     0x72f0
                0x00000410                . = ALIGN (0x4)
 *(.text)
 .text          0x00000410       0x60 c:/freescale/kds_v3/toolchain/bin/../lib/gcc/arm-none-eabi/4.8.4/armv6-m/crtbegin.o
 .text          0x00000470       0x78 c:/freescale/kds_v3/toolchain/bin/../lib/gcc/arm-none-eabi/4.8.4/../../../../arm-none-eabi/lib/armv6-m/crt0.o
                0x00000470                _start
                0x00000470                _mainCRTStartup
 .text          0x000004e8       0x18 ./startup/startup_MKL25Z4.o
                0x000004e8                Reset_Handler
                0x000004f8                HardFault_Handler
                0x000004f8                SysTick_Handler
                0x000004f8                PendSV_Handler
                0x000004f8                NMI_Handler
                0x000004f8                I2C1_IRQHandler
                0x000004f8                UART1_IRQHandler
                0x000004f8                DMA2_IRQHandler
                0x000004f8                TPM0_IRQHandler
                0x000004f8                LLWU_IRQHandler
                0x000004f8                TSI0_IRQHandler
                0x000004f8                UART0_IRQHandler
                0x000004f8                ADC0_IRQHandler
                0x000004f8                Reserved39_IRQHandler
                0x000004f8                SPI1_IRQHandler
                0x000004f8                DefaultISR
                0x000004f8                PORTD_IRQHandler
                0x000004f8                TPM2_IRQHandler
                0x000004f8                RTC_IRQHandler
                0x000004f8                I2C0_IRQHandler
                0x000004f8                RTC_Seconds_IRQHandler
                0x000004f8                MCG_IRQHandler
                0x000004f8                UART2_IRQHandler
                0x000004f8                Reserved20_IRQHandler
                0x000004f8                USB0_IRQHandler
                0x000004f8                PIT_IRQHandler
                0x000004f8                SVC_Handler
                0x000004f8                DMA3_IRQHandler
                0x000004f8                DAC0_IRQHandler
                0x000004f8                Reserved45_IRQHandler
                0x000004f8                TPM1_IRQHandler
                0x000004f8                LVD_LVW_IRQHandler
                0x000004f8                SPI0_IRQHandler
                0x000004f8                PORTA_IRQHandler
                0x000004f8                FTFA_IRQHandler
                0x000004f8                CMP0_IRQHandler
                0x000004f8                DMA1_IRQHandler
 .text          0x00000500       0x9c c:/freescale/kds_v3/toolchain/bin/../lib/gcc/arm-none-eabi/4.8.4/armv6-m\libgcc.a(_udivsi3.o)
                0x00000500                __aeabi_uidiv
                0x00000500                __udivsi3
                0x00000588                __aeabi_uidivmod
 .text          0x0000059c        0x4 c:/freescale/kds_v3/toolchain/bin/../lib/gcc/arm-none-eabi/4.8.4/armv6-m\libgcc.a(_dvmd_tls.o)
                0x0000059c                __aeabi_idiv0
                0x0000059c                __aeabi_ldiv0
 .text          0x000005a0       0x7c c:/freescale/kds_v3/toolchain/bin/../lib/gcc/arm-none-eabi/4.8.4/armv6-m\libgcc.a(_arm_cmpdf2.o)
                0x000005a0                __aeabi_cdrcmple
                0x000005b0                __aeabi_cdcmple
                0x000005b0                __aeabi_cdcmpeq
                0x000005c0                __aeabi_dcmpeq
                0x000005cc                __aeabi_dcmplt
                0x000005e0                __aeabi_dcmple
                0x000005f4                __aeabi_dcmpgt
                0x00000608                __aeabi_dcmpge
 .text          0x0000061c      0x254 c:/freescale/kds_v3/toolchain/bin/../lib/gcc/arm-none-eabi/4.8.4/armv6-m\libgcc.a(mulsf3.o)
                0x0000061c                __aeabi_fmul
 .text          0x00000870       0x40 c:/freescale/kds_v3/toolchain/bin/../lib/gcc/arm-none-eabi/4.8.4/armv6-m\libgcc.a(fixsfsi.o)
                0x00000870                __aeabi_f2iz
 .text          0x000008b0       0xb8 c:/freescale/kds_v3/toolchain/bin/../lib/gcc/arm-none-eabi/4.8.4/armv6-m\libgcc.a(floatsisf.o)
                0x000008b0                __aeabi_i2f
 .text          0x00000968      0x644 c:/freescale/kds_v3/toolchain/bin/../lib/gcc/arm-none-eabi/4.8.4/armv6-m\libgcc.a(adddf3.o)
                0x00000968                __aeabi_dadd
 .text          0x00000fac      0x648 c:/freescale/kds_v3/toolchain/bin/../lib/gcc/arm-none-eabi/4.8.4/armv6-m\libgcc.a(divdf3.o)
                0x00000fac                __aeabi_ddiv
 .text          0x000015f4       0x94 c:/freescale/kds_v3/toolchain/bin/../lib/gcc/arm-none-eabi/4.8.4/armv6-m\libgcc.a(eqdf2.o)
                0x000015f4                __nedf2
                0x000015f4                __eqdf2
 .text          0x00001688       0xfc c:/freescale/kds_v3/toolchain/bin/../lib/gcc/arm-none-eabi/4.8.4/armv6-m\libgcc.a(gedf2.o)
                0x00001688                __gedf2
                0x00001688                __gtdf2
 .text          0x00001784       0xfc c:/freescale/kds_v3/toolchain/bin/../lib/gcc/arm-none-eabi/4.8.4/armv6-m\libgcc.a(ledf2.o)
                0x00001784                __ledf2
                0x00001784                __ltdf2
 .text          0x00001880      0x520 c:/freescale/kds_v3/toolchain/bin/../lib/gcc/arm-none-eabi/4.8.4/armv6-m\libgcc.a(muldf3.o)
                0x00001880                __aeabi_dmul
 .text          0x00001da0      0x668 c:/freescale/kds_v3/toolchain/bin/../lib/gcc/arm-none-eabi/4.8.4/armv6-m\libgcc.a(subdf3.o)
                0x00001da0                __aeabi_dsub
 .text          0x00002408       0x68 c:/freescale/kds_v3/toolchain/bin/../lib/gcc/arm-none-eabi/4.8.4/armv6-m\libgcc.a(fixdfsi.o)
                0x00002408                __aeabi_d2iz
 .text          0x00002470       0x7c c:/freescale/kds_v3/toolchain/bin/../lib/gcc/arm-none-eabi/4.8.4/armv6-m\libgcc.a(floatsidf.o)
                0x00002470                __aeabi_i2d
 .text          0x000024ec       0xa4 c:/freescale/kds_v3/toolchain/bin/../lib/gcc/arm-none-eabi/4.8.4/armv6-m\libgcc.a(extendsfdf2.o)
                0x000024ec                __aeabi_f2d
 .text          0x00002590      0x118 c:/freescale/kds_v3/toolchain/bin/../lib/gcc/arm-none-eabi/4.8.4/armv6-m\libgcc.a(truncdfsf2.o)
                0x00002590                __aeabi_d2f
 .text          0x000026a8       0x3c c:/freescale/kds_v3/toolchain/bin/../lib/gcc/arm-none-eabi/4.8.4/armv6-m\libgcc.a(_clzsi2.o)
                0x000026a8                __clzsi2
 *(.text*)
 .text.UART_HAL_EnableTransmitter
                0x000026e4       0x1c ./utilities/fsl_debug_console.o
 .text.UART_HAL_EnableReceiver
                0x00002700       0x1c ./utilities/fsl_debug_console.o
 .text.UART_HAL_SetBitCountPerChar
                0x0000271c       0x28 ./utilities/fsl_debug_console.o
 .text.UART_HAL_SetStopBitCount
                0x00002744       0x28 ./utilities/fsl_debug_console.o
 .text.LPSCI_HAL_EnableTransmitter
                0x0000276c       0x1c ./utilities/fsl_debug_console.o
 .text.LPSCI_HAL_EnableReceiver
                0x00002788       0x1c ./utilities/fsl_debug_console.o
 .text.LPSCI_HAL_SetBitCountPerChar
                0x000027a4       0x28 ./utilities/fsl_debug_console.o
 .text.LPSCI_HAL_SetStopBitCount
                0x000027cc       0x28 ./utilities/fsl_debug_console.o
 .text.DbgConsole_Init
                0x000027f4      0x160 ./utilities/fsl_debug_console.o
                0x000027f4                DbgConsole_Init
 .text._write   0x00002954       0x5c ./utilities/fsl_debug_console.o
                0x00002954                _write
 .text._read    0x000029b0       0x48 ./utilities/fsl_debug_console.o
                0x000029b0                _read
 .text._sbrk    0x000029f8       0x5c ./utilities/fsl_misc_utilities.o
                0x000029f8                _sbrk
 .text.init_data_bss
                0x00002a54       0xc8 ./startup/startup.o
                0x00002a54                init_data_bss
 .text.SystemInit
                0x00002b1c       0x18 ./startup/system_MKL25Z4.o
                0x00002b1c                SystemInit
 .text.ADC_config
                0x00002b34       0x78 ./src/adc.o
                0x00002b34                ADC_config
 .text.app      0x00002bac       0x68 ./src/app.o
                0x00002bac                app
 .text.NVIC_EnableIRQ
                0x00002c14       0x2c ./src/dma.o
 .text.DMA_config
                0x00002c40       0xc4 ./src/dma.o
                0x00002c40                DMA_config
 .text.DMA0_IRQHandler
                0x00002d04      0x154 ./src/dma.o
                0x00002d04                DMA0_IRQHandler
 .text.gpio_config
                0x00002e58       0x50 ./src/gpio.o
                0x00002e58                gpio_config
 .text.UART_config
                0x00002ea8       0x9c ./src/uart.o
                0x00002ea8                UART_config
 .text.UART_transmit
                0x00002f44       0x30 ./src/uart.o
                0x00002f44                UART_transmit
 .text.LPTMR0_IRQHandler
                0x00002f74       0x10 ./source/fsl_lptmr_irq.o
                0x00002f74                LPTMR0_IRQHandler
 .text.lptmr_call_back
                0x00002f84       0x18 ./source/main.o
                0x00002f84                lptmr_call_back
 *fill*         0x00002f9c        0x4 
 .text.main     0x00002fa0      0x280 ./source/main.o
                0x00002fa0                main
 .text.PORT_HAL_SetMuxMode
                0x00003220       0x4c ./board/board.o
 .text.CLOCK_HAL_SetLpsciSrc
                0x0000326c       0x30 ./board/board.o
 .text.CLOCK_SYS_SetLpsciSrc
                0x0000329c       0x2c ./board/board.o
 .text.SMC_HAL_SetProtection
                0x000032c8       0x1c ./board/board.o
 .text.BOARD_InitOsc0
                0x000032e4       0x40 ./board/board.o
                0x000032e4                BOARD_InitOsc0
 .text.CLOCK_SetBootConfig
                0x00003324       0x3c ./board/board.o
 .text.BOARD_ClockInit
                0x00003360       0x44 ./board/board.o
                0x00003360                BOARD_ClockInit
 .text.dbg_uart_init
                0x000033a4       0x24 ./board/board.o
                0x000033a4                dbg_uart_init
 .text.hardware_init
                0x000033c8       0x24 ./board/hardware_init.o
                0x000033c8                hardware_init
 .text.PORT_HAL_SetMuxMode
                0x000033ec       0x4c ./board/pin_mux.o
 .text.configure_lpsci_pins
                0x00003438       0x34 ./board/pin_mux.o
                0x00003438                configure_lpsci_pins
 .text.UART_HAL_SetBaudRate
                0x0000346c       0x6c C:/Freescale/KSDK_1.3.0/examples/frdmkl25z/demo_apps/hello_world/kds/../../../../../lib/ksdk_platform_lib/kds/KL25Z4/debug/libksdk_platform.a(fsl_uart_hal.o)
                0x0000346c                UART_HAL_SetBaudRate
 .text.UART_HAL_SetParityMode
                0x000034d8       0x40 C:/Freescale/KSDK_1.3.0/examples/frdmkl25z/demo_apps/hello_world/kds/../../../../../lib/ksdk_platform_lib/kds/KL25Z4/debug/libksdk_platform.a(fsl_uart_hal.o)
                0x000034d8                UART_HAL_SetParityMode
 .text.UART_HAL_Putchar
                0x00003518       0x34 C:/Freescale/KSDK_1.3.0/examples/frdmkl25z/demo_apps/hello_world/kds/../../../../../lib/ksdk_platform_lib/kds/KL25Z4/debug/libksdk_platform.a(fsl_uart_hal.o)
                0x00003518                UART_HAL_Putchar
 .text.UART_HAL_Getchar
                0x0000354c       0x34 C:/Freescale/KSDK_1.3.0/examples/frdmkl25z/demo_apps/hello_world/kds/../../../../../lib/ksdk_platform_lib/kds/KL25Z4/debug/libksdk_platform.a(fsl_uart_hal.o)
                0x0000354c                UART_HAL_Getchar
 .text.UART_HAL_SendDataPolling
                0x00003580       0x44 C:/Freescale/KSDK_1.3.0/examples/frdmkl25z/demo_apps/hello_world/kds/../../../../../lib/ksdk_platform_lib/kds/KL25Z4/debug/libksdk_platform.a(fsl_uart_hal.o)
                0x00003580                UART_HAL_SendDataPolling
 .text.UART_HAL_ReceiveDataPolling
                0x000035c4       0xa4 C:/Freescale/KSDK_1.3.0/examples/frdmkl25z/demo_apps/hello_world/kds/../../../../../lib/ksdk_platform_lib/kds/KL25Z4/debug/libksdk_platform.a(fsl_uart_hal.o)
                0x000035c4                UART_HAL_ReceiveDataPolling
 .text.NVIC_EnableIRQ
                0x00003668       0x2c C:/Freescale/KSDK_1.3.0/examples/frdmkl25z/demo_apps/hello_world/kds/../../../../../lib/ksdk_platform_lib/kds/KL25Z4/debug/libksdk_platform.a(fsl_lptmr_driver.o)
 .text.NVIC_DisableIRQ
                0x00003694       0x2c C:/Freescale/KSDK_1.3.0/examples/frdmkl25z/demo_apps/hello_world/kds/../../../../../lib/ksdk_platform_lib/kds/KL25Z4/debug/libksdk_platform.a(fsl_lptmr_driver.o)
 .text.LPTMR_HAL_Enable
                0x000036c0       0x1c C:/Freescale/KSDK_1.3.0/examples/frdmkl25z/demo_apps/hello_world/kds/../../../../../lib/ksdk_platform_lib/kds/KL25Z4/debug/libksdk_platform.a(fsl_lptmr_driver.o)
 .text.LPTMR_HAL_Disable
                0x000036dc       0x1c C:/Freescale/KSDK_1.3.0/examples/frdmkl25z/demo_apps/hello_world/kds/../../../../../lib/ksdk_platform_lib/kds/KL25Z4/debug/libksdk_platform.a(fsl_lptmr_driver.o)
 .text.LPTMR_HAL_ClearIntFlag
                0x000036f8       0x1c C:/Freescale/KSDK_1.3.0/examples/frdmkl25z/demo_apps/hello_world/kds/../../../../../lib/ksdk_platform_lib/kds/KL25Z4/debug/libksdk_platform.a(fsl_lptmr_driver.o)
 .text.LPTMR_HAL_SetIntCmd
                0x00003714       0x24 C:/Freescale/KSDK_1.3.0/examples/frdmkl25z/demo_apps/hello_world/kds/../../../../../lib/ksdk_platform_lib/kds/KL25Z4/debug/libksdk_platform.a(fsl_lptmr_driver.o)
 .text.LPTMR_HAL_SetCompareValue
                0x00003738       0x20 C:/Freescale/KSDK_1.3.0/examples/frdmkl25z/demo_apps/hello_world/kds/../../../../../lib/ksdk_platform_lib/kds/KL25Z4/debug/libksdk_platform.a(fsl_lptmr_driver.o)
 .text.SIM_HAL_EnableClock
                0x00003758       0x58 C:/Freescale/KSDK_1.3.0/examples/frdmkl25z/demo_apps/hello_world/kds/../../../../../lib/ksdk_platform_lib/kds/KL25Z4/debug/libksdk_platform.a(fsl_lptmr_driver.o)
 .text.SIM_HAL_GetGateCmd
                0x000037b0       0x50 C:/Freescale/KSDK_1.3.0/examples/frdmkl25z/demo_apps/hello_world/kds/../../../../../lib/ksdk_platform_lib/kds/KL25Z4/debug/libksdk_platform.a(fsl_lptmr_driver.o)
 .text.INT_SYS_EnableIRQ
                0x00003800       0x5c C:/Freescale/KSDK_1.3.0/examples/frdmkl25z/demo_apps/hello_world/kds/../../../../../lib/ksdk_platform_lib/kds/KL25Z4/debug/libksdk_platform.a(fsl_lptmr_driver.o)
 .text.INT_SYS_DisableIRQ
                0x0000385c       0x5c C:/Freescale/KSDK_1.3.0/examples/frdmkl25z/demo_apps/hello_world/kds/../../../../../lib/ksdk_platform_lib/kds/KL25Z4/debug/libksdk_platform.a(fsl_lptmr_driver.o)
 .text.CLOCK_SYS_EnableLptmrClock
                0x000038b8       0x1c C:/Freescale/KSDK_1.3.0/examples/frdmkl25z/demo_apps/hello_world/kds/../../../../../lib/ksdk_platform_lib/kds/KL25Z4/debug/libksdk_platform.a(fsl_lptmr_driver.o)
 .text.CLOCK_SYS_GetLptmrGateCmd
                0x000038d4       0x20 C:/Freescale/KSDK_1.3.0/examples/frdmkl25z/demo_apps/hello_world/kds/../../../../../lib/ksdk_platform_lib/kds/KL25Z4/debug/libksdk_platform.a(fsl_lptmr_driver.o)
 .text.LPTMR_DRV_Init
                0x000038f4      0x180 C:/Freescale/KSDK_1.3.0/examples/frdmkl25z/demo_apps/hello_world/kds/../../../../../lib/ksdk_platform_lib/kds/KL25Z4/debug/libksdk_platform.a(fsl_lptmr_driver.o)
                0x000038f4                LPTMR_DRV_Init
 .text.LPTMR_DRV_Start
                0x00003a74       0x68 C:/Freescale/KSDK_1.3.0/examples/frdmkl25z/demo_apps/hello_world/kds/../../../../../lib/ksdk_platform_lib/kds/KL25Z4/debug/libksdk_platform.a(fsl_lptmr_driver.o)
                0x00003a74                LPTMR_DRV_Start
 .text.LPTMR_DRV_SetTimerPeriodUs
                0x00003adc       0xfc C:/Freescale/KSDK_1.3.0/examples/frdmkl25z/demo_apps/hello_world/kds/../../../../../lib/ksdk_platform_lib/kds/KL25Z4/debug/libksdk_platform.a(fsl_lptmr_driver.o)
                0x00003adc                LPTMR_DRV_SetTimerPeriodUs
 .text.LPTMR_DRV_InstallCallback
                0x00003bd8       0x6c C:/Freescale/KSDK_1.3.0/examples/frdmkl25z/demo_apps/hello_world/kds/../../../../../lib/ksdk_platform_lib/kds/KL25Z4/debug/libksdk_platform.a(fsl_lptmr_driver.o)
                0x00003bd8                LPTMR_DRV_InstallCallback
 .text.LPTMR_DRV_IRQHandler
                0x00003c44       0x90 C:/Freescale/KSDK_1.3.0/examples/frdmkl25z/demo_apps/hello_world/kds/../../../../../lib/ksdk_platform_lib/kds/KL25Z4/debug/libksdk_platform.a(fsl_lptmr_driver.o)
                0x00003c44                LPTMR_DRV_IRQHandler
 .text.LPSCI_HAL_Putchar
                0x00003cd4       0x1c C:/Freescale/KSDK_1.3.0/examples/frdmkl25z/demo_apps/hello_world/kds/../../../../../lib/ksdk_platform_lib/kds/KL25Z4/debug/libksdk_platform.a(fsl_lpsci_hal.o)
 .text.LPSCI_HAL_Getchar
                0x00003cf0       0x1c C:/Freescale/KSDK_1.3.0/examples/frdmkl25z/demo_apps/hello_world/kds/../../../../../lib/ksdk_platform_lib/kds/KL25Z4/debug/libksdk_platform.a(fsl_lpsci_hal.o)
 .text.LPSCI_HAL_SetBaudRate
                0x00003d0c      0x14c C:/Freescale/KSDK_1.3.0/examples/frdmkl25z/demo_apps/hello_world/kds/../../../../../lib/ksdk_platform_lib/kds/KL25Z4/debug/libksdk_platform.a(fsl_lpsci_hal.o)
                0x00003d0c                LPSCI_HAL_SetBaudRate
 .text.LPSCI_HAL_SetParityMode
                0x00003e58       0x40 C:/Freescale/KSDK_1.3.0/examples/frdmkl25z/demo_apps/hello_world/kds/../../../../../lib/ksdk_platform_lib/kds/KL25Z4/debug/libksdk_platform.a(fsl_lpsci_hal.o)
                0x00003e58                LPSCI_HAL_SetParityMode
 .text.LPSCI_HAL_SendDataPolling
                0x00003e98       0x44 C:/Freescale/KSDK_1.3.0/examples/frdmkl25z/demo_apps/hello_world/kds/../../../../../lib/ksdk_platform_lib/kds/KL25Z4/debug/libksdk_platform.a(fsl_lpsci_hal.o)
                0x00003e98                LPSCI_HAL_SendDataPolling
 .text.LPSCI_HAL_ReceiveDataPolling
                0x00003edc       0x88 C:/Freescale/KSDK_1.3.0/examples/frdmkl25z/demo_apps/hello_world/kds/../../../../../lib/ksdk_platform_lib/kds/KL25Z4/debug/libksdk_platform.a(fsl_lpsci_hal.o)
                0x00003edc                LPSCI_HAL_ReceiveDataPolling
 .text.PORT_HAL_SetSlewRateMode
                0x00003f64       0x4c C:/Freescale/KSDK_1.3.0/examples/frdmkl25z/demo_apps/hello_world/kds/../../../../../lib/ksdk_platform_lib/kds/KL25Z4/debug/libksdk_platform.a(fsl_gpio_driver.o)
 .text.PORT_HAL_SetDriveStrengthMode
                0x00003fb0       0x4c C:/Freescale/KSDK_1.3.0/examples/frdmkl25z/demo_apps/hello_world/kds/../../../../../lib/ksdk_platform_lib/kds/KL25Z4/debug/libksdk_platform.a(fsl_gpio_driver.o)
 .text.PORT_HAL_SetMuxMode
                0x00003ffc       0x4c C:/Freescale/KSDK_1.3.0/examples/frdmkl25z/demo_apps/hello_world/kds/../../../../../lib/ksdk_platform_lib/kds/KL25Z4/debug/libksdk_platform.a(fsl_gpio_driver.o)
 .text.GPIO_HAL_TogglePinOutput
                0x00004048       0x3c C:/Freescale/KSDK_1.3.0/examples/frdmkl25z/demo_apps/hello_world/kds/../../../../../lib/ksdk_platform_lib/kds/KL25Z4/debug/libksdk_platform.a(fsl_gpio_driver.o)
 .text.GPIO_DRV_OutputPinInit
                0x00004084       0x9c C:/Freescale/KSDK_1.3.0/examples/frdmkl25z/demo_apps/hello_world/kds/../../../../../lib/ksdk_platform_lib/kds/KL25Z4/debug/libksdk_platform.a(fsl_gpio_driver.o)
                0x00004084                GPIO_DRV_OutputPinInit
 .text.GPIO_DRV_TogglePinOutput
                0x00004120       0x38 C:/Freescale/KSDK_1.3.0/examples/frdmkl25z/demo_apps/hello_world/kds/../../../../../lib/ksdk_platform_lib/kds/KL25Z4/debug/libksdk_platform.a(fsl_gpio_driver.o)
                0x00004120                GPIO_DRV_TogglePinOutput
 .text.SIM_HAL_EnableClock
                0x00004158       0x58 C:/Freescale/KSDK_1.3.0/examples/frdmkl25z/demo_apps/hello_world/kds/../../../../../lib/ksdk_platform_lib/kds/KL25Z4/debug/libksdk_platform.a(fsl_clock_MKL25Z4.o)
 .text.CLOCK_HAL_GetLpsciSrc
                0x000041b0       0x28 C:/Freescale/KSDK_1.3.0/examples/frdmkl25z/demo_apps/hello_world/kds/../../../../../lib/ksdk_platform_lib/kds/KL25Z4/debug/libksdk_platform.a(fsl_clock_MKL25Z4.o)
 .text.CLOCK_HAL_SetExternalRefClock32kSrc
                0x000041d8       0x28 C:/Freescale/KSDK_1.3.0/examples/frdmkl25z/demo_apps/hello_world/kds/../../../../../lib/ksdk_platform_lib/kds/KL25Z4/debug/libksdk_platform.a(fsl_clock_MKL25Z4.o)
 .text.CLOCK_HAL_GetExternalRefClock32kSrc
                0x00004200       0x20 C:/Freescale/KSDK_1.3.0/examples/frdmkl25z/demo_apps/hello_world/kds/../../../../../lib/ksdk_platform_lib/kds/KL25Z4/debug/libksdk_platform.a(fsl_clock_MKL25Z4.o)
 .text.CLOCK_HAL_SetPllfllSel
                0x00004220       0x2c C:/Freescale/KSDK_1.3.0/examples/frdmkl25z/demo_apps/hello_world/kds/../../../../../lib/ksdk_platform_lib/kds/KL25Z4/debug/libksdk_platform.a(fsl_clock_MKL25Z4.o)
 .text.CLOCK_HAL_GetPllfllSel
                0x0000424c       0x24 C:/Freescale/KSDK_1.3.0/examples/frdmkl25z/demo_apps/hello_world/kds/../../../../../lib/ksdk_platform_lib/kds/KL25Z4/debug/libksdk_platform.a(fsl_clock_MKL25Z4.o)
 .text.CLOCK_HAL_GetOutDiv1
                0x00004270       0x28 C:/Freescale/KSDK_1.3.0/examples/frdmkl25z/demo_apps/hello_world/kds/../../../../../lib/ksdk_platform_lib/kds/KL25Z4/debug/libksdk_platform.a(fsl_clock_MKL25Z4.o)
 .text.CLOCK_HAL_GetOutDiv4
                0x00004298       0x28 C:/Freescale/KSDK_1.3.0/examples/frdmkl25z/demo_apps/hello_world/kds/../../../../../lib/ksdk_platform_lib/kds/KL25Z4/debug/libksdk_platform.a(fsl_clock_MKL25Z4.o)
 .text.CLOCK_SYS_GetLpoClockFreq
                0x000042c0       0x10 C:/Freescale/KSDK_1.3.0/examples/frdmkl25z/demo_apps/hello_world/kds/../../../../../lib/ksdk_platform_lib/kds/KL25Z4/debug/libksdk_platform.a(fsl_clock_MKL25Z4.o)
 .text.OSC_HAL_GetExternalRefClkCmd
                0x000042d0       0x24 C:/Freescale/KSDK_1.3.0/examples/frdmkl25z/demo_apps/hello_world/kds/../../../../../lib/ksdk_platform_lib/kds/KL25Z4/debug/libksdk_platform.a(fsl_clock_MKL25Z4.o)
 .text.CLOCK_SYS_SetSimConfigration
                0x000042f4       0x48 C:/Freescale/KSDK_1.3.0/examples/frdmkl25z/demo_apps/hello_world/kds/../../../../../lib/ksdk_platform_lib/kds/KL25Z4/debug/libksdk_platform.a(fsl_clock_MKL25Z4.o)
                0x000042f4                CLOCK_SYS_SetSimConfigration
 .text.CLOCK_SYS_GetSystemClockFreq
                0x0000433c       0x34 C:/Freescale/KSDK_1.3.0/examples/frdmkl25z/demo_apps/hello_world/kds/../../../../../lib/ksdk_platform_lib/kds/KL25Z4/debug/libksdk_platform.a(fsl_clock_MKL25Z4.o)
                0x0000433c                CLOCK_SYS_GetSystemClockFreq
 .text.CLOCK_SYS_GetBusClockFreq
                0x00004370       0x2c C:/Freescale/KSDK_1.3.0/examples/frdmkl25z/demo_apps/hello_world/kds/../../../../../lib/ksdk_platform_lib/kds/KL25Z4/debug/libksdk_platform.a(fsl_clock_MKL25Z4.o)
                0x00004370                CLOCK_SYS_GetBusClockFreq
 .text.CLOCK_SYS_GetPllFllClockFreq
                0x0000439c       0x5c C:/Freescale/KSDK_1.3.0/examples/frdmkl25z/demo_apps/hello_world/kds/../../../../../lib/ksdk_platform_lib/kds/KL25Z4/debug/libksdk_platform.a(fsl_clock_MKL25Z4.o)
                0x0000439c                CLOCK_SYS_GetPllFllClockFreq
 .text.CLOCK_SYS_GetExternalRefClock32kFreq
                0x000043f8       0x6c C:/Freescale/KSDK_1.3.0/examples/frdmkl25z/demo_apps/hello_world/kds/../../../../../lib/ksdk_platform_lib/kds/KL25Z4/debug/libksdk_platform.a(fsl_clock_MKL25Z4.o)
                0x000043f8                CLOCK_SYS_GetExternalRefClock32kFreq
 .text.CLOCK_SYS_GetOsc0ExternalRefClockFreq
                0x00004464       0x2c C:/Freescale/KSDK_1.3.0/examples/frdmkl25z/demo_apps/hello_world/kds/../../../../../lib/ksdk_platform_lib/kds/KL25Z4/debug/libksdk_platform.a(fsl_clock_MKL25Z4.o)
                0x00004464                CLOCK_SYS_GetOsc0ExternalRefClockFreq
 .text.CLOCK_SYS_GetLptmrFreq
                0x00004490       0x68 C:/Freescale/KSDK_1.3.0/examples/frdmkl25z/demo_apps/hello_world/kds/../../../../../lib/ksdk_platform_lib/kds/KL25Z4/debug/libksdk_platform.a(fsl_clock_MKL25Z4.o)
                0x00004490                CLOCK_SYS_GetLptmrFreq
 .text.CLOCK_SYS_GetLpsciFreq
                0x000044f8       0x68 C:/Freescale/KSDK_1.3.0/examples/frdmkl25z/demo_apps/hello_world/kds/../../../../../lib/ksdk_platform_lib/kds/KL25Z4/debug/libksdk_platform.a(fsl_clock_MKL25Z4.o)
                0x000044f8                CLOCK_SYS_GetLpsciFreq
 .text.CLOCK_SYS_GetUartFreq
                0x00004560       0x2c C:/Freescale/KSDK_1.3.0/examples/frdmkl25z/demo_apps/hello_world/kds/../../../../../lib/ksdk_platform_lib/kds/KL25Z4/debug/libksdk_platform.a(fsl_clock_MKL25Z4.o)
                0x00004560                CLOCK_SYS_GetUartFreq
 .text.CLOCK_SYS_EnablePortClock
                0x0000458c       0x4c C:/Freescale/KSDK_1.3.0/examples/frdmkl25z/demo_apps/hello_world/kds/../../../../../lib/ksdk_platform_lib/kds/KL25Z4/debug/libksdk_platform.a(fsl_clock_MKL25Z4.o)
                0x0000458c                CLOCK_SYS_EnablePortClock
 .text.CLOCK_SYS_EnableLpsciClock
                0x000045d8       0x40 C:/Freescale/KSDK_1.3.0/examples/frdmkl25z/demo_apps/hello_world/kds/../../../../../lib/ksdk_platform_lib/kds/KL25Z4/debug/libksdk_platform.a(fsl_clock_MKL25Z4.o)
                0x000045d8                CLOCK_SYS_EnableLpsciClock
 .text.CLOCK_SYS_EnableUartClock
                0x00004618       0x4c C:/Freescale/KSDK_1.3.0/examples/frdmkl25z/demo_apps/hello_world/kds/../../../../../lib/ksdk_platform_lib/kds/KL25Z4/debug/libksdk_platform.a(fsl_clock_MKL25Z4.o)
                0x00004618                CLOCK_SYS_EnableUartClock
 .text.CLOCK_HAL_SetClkOutSrc
                0x00004664       0x28 C:/Freescale/KSDK_1.3.0/examples/frdmkl25z/demo_apps/hello_world/kds/../../../../../lib/ksdk_platform_lib/kds/KL25Z4/debug/libksdk_platform.a(fsl_clock_manager.o)
 .text.CLOCK_HAL_SetClksFrdivIrefs
                0x0000468c       0x60 C:/Freescale/KSDK_1.3.0/examples/frdmkl25z/demo_apps/hello_world/kds/../../../../../lib/ksdk_platform_lib/kds/KL25Z4/debug/libksdk_platform.a(fsl_clock_manager.o)
 .text.CLOCK_HAL_GetClkOutStat
                0x000046ec       0x20 C:/Freescale/KSDK_1.3.0/examples/frdmkl25z/demo_apps/hello_world/kds/../../../../../lib/ksdk_platform_lib/kds/KL25Z4/debug/libksdk_platform.a(fsl_clock_manager.o)
 .text.CLOCK_HAL_GetFllSrc
                0x0000470c       0x20 C:/Freescale/KSDK_1.3.0/examples/frdmkl25z/demo_apps/hello_world/kds/../../../../../lib/ksdk_platform_lib/kds/KL25Z4/debug/libksdk_platform.a(fsl_clock_manager.o)
 .text.CLOCK_HAL_IsOsc0Stable
                0x0000472c       0x24 C:/Freescale/KSDK_1.3.0/examples/frdmkl25z/demo_apps/hello_world/kds/../../../../../lib/ksdk_platform_lib/kds/KL25Z4/debug/libksdk_platform.a(fsl_clock_manager.o)
 .text.OSC_HAL_SetExternalRefClkCmd
                0x00004750       0x28 C:/Freescale/KSDK_1.3.0/examples/frdmkl25z/demo_apps/hello_world/kds/../../../../../lib/ksdk_platform_lib/kds/KL25Z4/debug/libksdk_platform.a(fsl_clock_manager.o)
 .text.OSC_HAL_SetExternalRefClkInStopModeCmd
                0x00004778       0x28 C:/Freescale/KSDK_1.3.0/examples/frdmkl25z/demo_apps/hello_world/kds/../../../../../lib/ksdk_platform_lib/kds/KL25Z4/debug/libksdk_platform.a(fsl_clock_manager.o)
 .text.CLOCK_SYS_BootToPee
                0x000047a0       0xd0 C:/Freescale/KSDK_1.3.0/examples/frdmkl25z/demo_apps/hello_world/kds/../../../../../lib/ksdk_platform_lib/kds/KL25Z4/debug/libksdk_platform.a(fsl_clock_manager.o)
                0x000047a0                CLOCK_SYS_BootToPee
 .text.CLOCK_SYS_OscInit
                0x00004870       0xf0 C:/Freescale/KSDK_1.3.0/examples/frdmkl25z/demo_apps/hello_world/kds/../../../../../lib/ksdk_platform_lib/kds/KL25Z4/debug/libksdk_platform.a(fsl_clock_manager.o)
                0x00004870                CLOCK_SYS_OscInit
 .text.CLOCK_SYS_SetOscerConfigration
                0x00004960       0x3c C:/Freescale/KSDK_1.3.0/examples/frdmkl25z/demo_apps/hello_world/kds/../../../../../lib/ksdk_platform_lib/kds/KL25Z4/debug/libksdk_platform.a(fsl_clock_manager.o)
                0x00004960                CLOCK_SYS_SetOscerConfigration
 .text.CLOCK_HAL_SetOutDiv
                0x0000499c       0x50 C:/Freescale/KSDK_1.3.0/examples/frdmkl25z/demo_apps/hello_world/kds/../../../../../lib/ksdk_platform_lib/kds/KL25Z4/debug/libksdk_platform.a(fsl_sim_hal_MKL25Z4.o)
                0x0000499c                CLOCK_HAL_SetOutDiv
 .text.OSC_HAL_SetCapacitor
                0x000049ec       0x28 C:/Freescale/KSDK_1.3.0/examples/frdmkl25z/demo_apps/hello_world/kds/../../../../../lib/ksdk_platform_lib/kds/KL25Z4/debug/libksdk_platform.a(fsl_osc_hal.o)
                0x000049ec                OSC_HAL_SetCapacitor
 .text.CLOCK_HAL_GetClkOutStat
                0x00004a14       0x20 C:/Freescale/KSDK_1.3.0/examples/frdmkl25z/demo_apps/hello_world/kds/../../../../../lib/ksdk_platform_lib/kds/KL25Z4/debug/libksdk_platform.a(fsl_mcg_hal.o)
 .text.CLOCK_HAL_SetInternalRefClkMode
                0x00004a34       0x24 C:/Freescale/KSDK_1.3.0/examples/frdmkl25z/demo_apps/hello_world/kds/../../../../../lib/ksdk_platform_lib/kds/KL25Z4/debug/libksdk_platform.a(fsl_mcg_hal.o)
 .text.CLOCK_HAL_GetInternalRefClkMode
                0x00004a58       0x20 C:/Freescale/KSDK_1.3.0/examples/frdmkl25z/demo_apps/hello_world/kds/../../../../../lib/ksdk_platform_lib/kds/KL25Z4/debug/libksdk_platform.a(fsl_mcg_hal.o)
 .text.CLOCK_HAL_IsPllSelected
                0x00004a78       0x24 C:/Freescale/KSDK_1.3.0/examples/frdmkl25z/demo_apps/hello_world/kds/../../../../../lib/ksdk_platform_lib/kds/KL25Z4/debug/libksdk_platform.a(fsl_mcg_hal.o)
 .text.CLOCK_HAL_IsOsc0Stable
                0x00004a9c       0x24 C:/Freescale/KSDK_1.3.0/examples/frdmkl25z/demo_apps/hello_world/kds/../../../../../lib/ksdk_platform_lib/kds/KL25Z4/debug/libksdk_platform.a(fsl_mcg_hal.o)
 .text.CLOCK_HAL_PrepareOsc
                0x00004ac0       0x3c C:/Freescale/KSDK_1.3.0/examples/frdmkl25z/demo_apps/hello_world/kds/../../../../../lib/ksdk_platform_lib/kds/KL25Z4/debug/libksdk_platform.a(fsl_mcg_hal.o)
                0x00004ac0                CLOCK_HAL_PrepareOsc
 .text.CLOCK_HAL_GetMcgExternalClkFreq
                0x00004afc       0x18 C:/Freescale/KSDK_1.3.0/examples/frdmkl25z/demo_apps/hello_world/kds/../../../../../lib/ksdk_platform_lib/kds/KL25Z4/debug/libksdk_platform.a(fsl_mcg_hal.o)
 .text.CLOCK_HAL_TestFllExternalRefFreq
                0x00004b14       0x7c C:/Freescale/KSDK_1.3.0/examples/frdmkl25z/demo_apps/hello_world/kds/../../../../../lib/ksdk_platform_lib/kds/KL25Z4/debug/libksdk_platform.a(fsl_mcg_hal.o)
                0x00004b14                CLOCK_HAL_TestFllExternalRefFreq
 .text.CLOCK_HAL_GetFllRefClk
                0x00004b90       0x8c C:/Freescale/KSDK_1.3.0/examples/frdmkl25z/demo_apps/hello_world/kds/../../../../../lib/ksdk_platform_lib/kds/KL25Z4/debug/libksdk_platform.a(fsl_mcg_hal.o)
                0x00004b90                CLOCK_HAL_GetFllRefClk
 .text.CLOCK_HAL_TestFllFreq
                0x00004c1c       0x6c C:/Freescale/KSDK_1.3.0/examples/frdmkl25z/demo_apps/hello_world/kds/../../../../../lib/ksdk_platform_lib/kds/KL25Z4/debug/libksdk_platform.a(fsl_mcg_hal.o)
                0x00004c1c                CLOCK_HAL_TestFllFreq
 .text.CLOCK_HAL_GetFllClk
                0x00004c88       0x7c C:/Freescale/KSDK_1.3.0/examples/frdmkl25z/demo_apps/hello_world/kds/../../../../../lib/ksdk_platform_lib/kds/KL25Z4/debug/libksdk_platform.a(fsl_mcg_hal.o)
                0x00004c88                CLOCK_HAL_GetFllClk
 .text.CLOCK_HAL_UpdateFastClkInternalRefDiv
                0x00004d04       0xb8 C:/Freescale/KSDK_1.3.0/examples/frdmkl25z/demo_apps/hello_world/kds/../../../../../lib/ksdk_platform_lib/kds/KL25Z4/debug/libksdk_platform.a(fsl_mcg_hal.o)
                0x00004d04                CLOCK_HAL_UpdateFastClkInternalRefDiv
 .text.CLOCK_HAL_UpdateInternalRefClk
                0x00004dbc       0x8c C:/Freescale/KSDK_1.3.0/examples/frdmkl25z/demo_apps/hello_world/kds/../../../../../lib/ksdk_platform_lib/kds/KL25Z4/debug/libksdk_platform.a(fsl_mcg_hal.o)
                0x00004dbc                CLOCK_HAL_UpdateInternalRefClk
 .text.CLOCK_HAL_GetPll0RefFreq
                0x00004e48       0x1c C:/Freescale/KSDK_1.3.0/examples/frdmkl25z/demo_apps/hello_world/kds/../../../../../lib/ksdk_platform_lib/kds/KL25Z4/debug/libksdk_platform.a(fsl_mcg_hal.o)
                0x00004e48                CLOCK_HAL_GetPll0RefFreq
 .text.CLOCK_HAL_GetPll0Clk
                0x00004e64       0x90 C:/Freescale/KSDK_1.3.0/examples/frdmkl25z/demo_apps/hello_world/kds/../../../../../lib/ksdk_platform_lib/kds/KL25Z4/debug/libksdk_platform.a(fsl_mcg_hal.o)
                0x00004e64                CLOCK_HAL_GetPll0Clk
 .text.CLOCK_HAL_GetInternalRefClk
                0x00004ef4       0x64 C:/Freescale/KSDK_1.3.0/examples/frdmkl25z/demo_apps/hello_world/kds/../../../../../lib/ksdk_platform_lib/kds/KL25Z4/debug/libksdk_platform.a(fsl_mcg_hal.o)
                0x00004ef4                CLOCK_HAL_GetInternalRefClk
 .text.CLOCK_HAL_GetOutClk
                0x00004f58       0x7c C:/Freescale/KSDK_1.3.0/examples/frdmkl25z/demo_apps/hello_world/kds/../../../../../lib/ksdk_platform_lib/kds/KL25Z4/debug/libksdk_platform.a(fsl_mcg_hal.o)
                0x00004f58                CLOCK_HAL_GetOutClk
 .text.CLOCK_HAL_SetOsc0Mode
                0x00004fd4       0x68 C:/Freescale/KSDK_1.3.0/examples/frdmkl25z/demo_apps/hello_world/kds/../../../../../lib/ksdk_platform_lib/kds/KL25Z4/debug/libksdk_platform.a(fsl_mcg_hal.o)
                0x00004fd4                CLOCK_HAL_SetOsc0Mode
 .text.CLOCK_HAL_GetClkOutStat
                0x0000503c       0x20 C:/Freescale/KSDK_1.3.0/examples/frdmkl25z/demo_apps/hello_world/kds/../../../../../lib/ksdk_platform_lib/kds/KL25Z4/debug/libksdk_platform.a(fsl_mcg_hal_modes.o)
 .text.CLOCK_HAL_SetPll0EnableCmd
                0x0000505c       0x28 C:/Freescale/KSDK_1.3.0/examples/frdmkl25z/demo_apps/hello_world/kds/../../../../../lib/ksdk_platform_lib/kds/KL25Z4/debug/libksdk_platform.a(fsl_mcg_hal_modes.o)
 .text.CLOCK_HAL_IsPll0Locked
                0x00005084       0x24 C:/Freescale/KSDK_1.3.0/examples/frdmkl25z/demo_apps/hello_world/kds/../../../../../lib/ksdk_platform_lib/kds/KL25Z4/debug/libksdk_platform.a(fsl_mcg_hal_modes.o)
 .text.CLOCK_HAL_IsPllSelected
                0x000050a8       0x24 C:/Freescale/KSDK_1.3.0/examples/frdmkl25z/demo_apps/hello_world/kds/../../../../../lib/ksdk_platform_lib/kds/KL25Z4/debug/libksdk_platform.a(fsl_mcg_hal_modes.o)
 .text.CLOCK_HAL_SetPbeMode
                0x000050cc      0x100 C:/Freescale/KSDK_1.3.0/examples/frdmkl25z/demo_apps/hello_world/kds/../../../../../lib/ksdk_platform_lib/kds/KL25Z4/debug/libksdk_platform.a(fsl_mcg_hal_modes.o)
                0x000050cc                CLOCK_HAL_SetPbeMode
 .text.LPTMR_HAL_SetTimerWorkingMode
                0x000051cc       0x5c C:/Freescale/KSDK_1.3.0/examples/frdmkl25z/demo_apps/hello_world/kds/../../../../../lib/ksdk_platform_lib/kds/KL25Z4/debug/libksdk_platform.a(fsl_lptmr_hal.o)
                0x000051cc                LPTMR_HAL_SetTimerWorkingMode
 .text.LPTMR_HAL_SetPrescalerMode
                0x00005228       0x3c C:/Freescale/KSDK_1.3.0/examples/frdmkl25z/demo_apps/hello_world/kds/../../../../../lib/ksdk_platform_lib/kds/KL25Z4/debug/libksdk_platform.a(fsl_lptmr_hal.o)
                0x00005228                LPTMR_HAL_SetPrescalerMode
 .text.GPIO_HAL_SetPinDir
                0x00005264       0x6c C:/Freescale/KSDK_1.3.0/examples/frdmkl25z/demo_apps/hello_world/kds/../../../../../lib/ksdk_platform_lib/kds/KL25Z4/debug/libksdk_platform.a(fsl_gpio_hal.o)
                0x00005264                GPIO_HAL_SetPinDir
 .text.GPIO_HAL_WritePinOutput
                0x000052d0       0x50 C:/Freescale/KSDK_1.3.0/examples/frdmkl25z/demo_apps/hello_world/kds/../../../../../lib/ksdk_platform_lib/kds/KL25Z4/debug/libksdk_platform.a(fsl_gpio_hal.o)
                0x000052d0                GPIO_HAL_WritePinOutput
 .text.fabs     0x00005320        0x8 c:/freescale/kds_v3/toolchain/bin/../lib/gcc/arm-none-eabi/4.8.4/../../../../arm-none-eabi/lib/armv6-m\libm.a(lib_a-s_fabs.o)
                0x00005320                fabs
 .text.log10    0x00005328      0x108 c:/freescale/kds_v3/toolchain/bin/../lib/gcc/arm-none-eabi/4.8.4/../../../../arm-none-eabi/lib/armv6-m\libm.a(lib_a-w_log10.o)
                0x00005328                log10
 .text.__ieee754_log10
                0x00005430      0x138 c:/freescale/kds_v3/toolchain/bin/../lib/gcc/arm-none-eabi/4.8.4/../../../../arm-none-eabi/lib/armv6-m\libm.a(lib_a-e_log10.o)
                0x00005430                __ieee754_log10
 .text.__fpclassifyd
                0x00005568       0x60 c:/freescale/kds_v3/toolchain/bin/../lib/gcc/arm-none-eabi/4.8.4/../../../../arm-none-eabi/lib/armv6-m\libm.a(lib_a-s_fpclassify.o)
                0x00005568                __fpclassifyd
 .text.matherr  0x000055c8        0x4 c:/freescale/kds_v3/toolchain/bin/../lib/gcc/arm-none-eabi/4.8.4/../../../../arm-none-eabi/lib/armv6-m\libm.a(lib_a-s_matherr.o)
                0x000055c8                matherr
 *fill*         0x000055cc        0x4 
 .text.nan      0x000055d0       0x10 c:/freescale/kds_v3/toolchain/bin/../lib/gcc/arm-none-eabi/4.8.4/../../../../arm-none-eabi/lib/armv6-m\libm.a(lib_a-s_nan.o)
                0x000055d0                nan
 .text.__ieee754_log
                0x000055e0      0x420 c:/freescale/kds_v3/toolchain/bin/../lib/gcc/arm-none-eabi/4.8.4/../../../../arm-none-eabi/lib/armv6-m\libm.a(lib_a-e_log.o)
                0x000055e0                __ieee754_log
 .text.__assert_func
                0x00005a00       0x3c c:/freescale/kds_v3/toolchain/bin/../lib/gcc/arm-none-eabi/4.8.4/../../../../arm-none-eabi/lib/armv6-m\libg_s.a(lib_a-assert.o)
                0x00005a00                __assert_func
 .text.__errno  0x00005a3c        0xc c:/freescale/kds_v3/toolchain/bin/../lib/gcc/arm-none-eabi/4.8.4/../../../../arm-none-eabi/lib/armv6-m\libg_s.a(lib_a-errno.o)
                0x00005a3c                __errno
 .text.exit     0x00005a48       0x2c c:/freescale/kds_v3/toolchain/bin/../lib/gcc/arm-none-eabi/4.8.4/../../../../arm-none-eabi/lib/armv6-m\libg_s.a(lib_a-exit.o)
                0x00005a48                exit
 .text.fprintf  0x00005a74       0x24 c:/freescale/kds_v3/toolchain/bin/../lib/gcc/arm-none-eabi/4.8.4/../../../../arm-none-eabi/lib/armv6-m\libg_s.a(lib_a-fprintf.o)
                0x00005a74                fiprintf
                0x00005a74                fprintf
 .text.__libc_init_array
                0x00005a98       0x4c c:/freescale/kds_v3/toolchain/bin/../lib/gcc/arm-none-eabi/4.8.4/../../../../arm-none-eabi/lib/armv6-m\libg_s.a(lib_a-init.o)
                0x00005a98                __libc_init_array
 .text.malloc   0x00005ae4       0x14 c:/freescale/kds_v3/toolchain/bin/../lib/gcc/arm-none-eabi/4.8.4/../../../../arm-none-eabi/lib/armv6-m\libg_s.a(lib_a-malloc.o)
                0x00005ae4                malloc
 .text.memset   0x00005af8       0x10 c:/freescale/kds_v3/toolchain/bin/../lib/gcc/arm-none-eabi/4.8.4/../../../../arm-none-eabi/lib/armv6-m\libg_s.a(lib_a-memset.o)
                0x00005af8                memset
 .text._free_r  0x00005b08       0x90 c:/freescale/kds_v3/toolchain/bin/../lib/gcc/arm-none-eabi/4.8.4/../../../../arm-none-eabi/lib/armv6-m\libg_s.a(lib_a-nano-freer.o)
                0x00005b08                _free_r
 .text._malloc_r
                0x00005b98       0xa8 c:/freescale/kds_v3/toolchain/bin/../lib/gcc/arm-none-eabi/4.8.4/../../../../arm-none-eabi/lib/armv6-m\libg_s.a(lib_a-nano-mallocr.o)
                0x00005b98                _malloc_r
 .text._sbrk_r  0x00005c40       0x24 c:/freescale/kds_v3/toolchain/bin/../lib/gcc/arm-none-eabi/4.8.4/../../../../arm-none-eabi/lib/armv6-m\libg_s.a(lib_a-sbrkr.o)
                0x00005c40                _sbrk_r
 .text.sprintf  0x00005c64       0x44 c:/freescale/kds_v3/toolchain/bin/../lib/gcc/arm-none-eabi/4.8.4/../../../../arm-none-eabi/lib/armv6-m\libg_s.a(lib_a-sprintf.o)
                0x00005c64                siprintf
                0x00005c64                sprintf
 .text.strlen   0x00005ca8        0xe c:/freescale/kds_v3/toolchain/bin/../lib/gcc/arm-none-eabi/4.8.4/../../../../arm-none-eabi/lib/armv6-m\libg_s.a(lib_a-strlen.o)
                0x00005ca8                strlen
 *fill*         0x00005cb6        0x2 
 .text.__ssputs_r
                0x00005cb8       0xc0 c:/freescale/kds_v3/toolchain/bin/../lib/gcc/arm-none-eabi/4.8.4/../../../../arm-none-eabi/lib/armv6-m\libg_s.a(lib_a-svfprintf.o)
                0x00005cb8                __ssputs_r
 .text._svfprintf_r
                0x00005d78      0x1e0 c:/freescale/kds_v3/toolchain/bin/../lib/gcc/arm-none-eabi/4.8.4/../../../../arm-none-eabi/lib/armv6-m\libg_s.a(lib_a-svfprintf.o)
                0x00005d78                _svfiprintf_r
                0x00005d78                _svfprintf_r
 .text.__sfputc_r
                0x00005f58       0x2a c:/freescale/kds_v3/toolchain/bin/../lib/gcc/arm-none-eabi/4.8.4/../../../../arm-none-eabi/lib/armv6-m\libg_s.a(lib_a-vfprintf.o)
 .text.__sfputs_r
                0x00005f82       0x24 c:/freescale/kds_v3/toolchain/bin/../lib/gcc/arm-none-eabi/4.8.4/../../../../arm-none-eabi/lib/armv6-m\libg_s.a(lib_a-vfprintf.o)
                0x00005f82                __sfputs_r
 *fill*         0x00005fa6        0x2 
 .text._vfprintf_r
                0x00005fa8      0x210 c:/freescale/kds_v3/toolchain/bin/../lib/gcc/arm-none-eabi/4.8.4/../../../../arm-none-eabi/lib/armv6-m\libg_s.a(lib_a-vfprintf.o)
                0x00005fa8                _vfprintf_r
                0x00005fa8                _vfiprintf_r
 .text._printf_common
                0x000061b8       0xe8 c:/freescale/kds_v3/toolchain/bin/../lib/gcc/arm-none-eabi/4.8.4/../../../../arm-none-eabi/lib/armv6-m\libg_s.a(lib_a-vfprintf_i.o)
                0x000061b8                _printf_common
 .text._printf_i
                0x000062a0      0x22c c:/freescale/kds_v3/toolchain/bin/../lib/gcc/arm-none-eabi/4.8.4/../../../../arm-none-eabi/lib/armv6-m\libg_s.a(lib_a-vfprintf_i.o)
                0x000062a0                _printf_i
 .text.__swbuf_r
                0x000064cc       0xb0 c:/freescale/kds_v3/toolchain/bin/../lib/gcc/arm-none-eabi/4.8.4/../../../../arm-none-eabi/lib/armv6-m\libg_s.a(lib_a-wbuf.o)
                0x000064cc                __swbuf_r
 .text.__swsetup_r
                0x0000657c       0xe4 c:/freescale/kds_v3/toolchain/bin/../lib/gcc/arm-none-eabi/4.8.4/../../../../arm-none-eabi/lib/armv6-m\libg_s.a(lib_a-wsetup.o)
                0x0000657c                __swsetup_r
 .text.abort    0x00006660        0xe c:/freescale/kds_v3/toolchain/bin/../lib/gcc/arm-none-eabi/4.8.4/../../../../arm-none-eabi/lib/armv6-m\libg_s.a(lib_a-abort.o)
                0x00006660                abort
 .text.__sflush_r
                0x0000666e      0x112 c:/freescale/kds_v3/toolchain/bin/../lib/gcc/arm-none-eabi/4.8.4/../../../../arm-none-eabi/lib/armv6-m\libg_s.a(lib_a-fflush.o)
                0x0000666e                __sflush_r
 .text._fflush_r
                0x00006780       0x58 c:/freescale/kds_v3/toolchain/bin/../lib/gcc/arm-none-eabi/4.8.4/../../../../arm-none-eabi/lib/armv6-m\libg_s.a(lib_a-fflush.o)
                0x00006780                _fflush_r
 .text._cleanup_r
                0x000067d8       0x34 c:/freescale/kds_v3/toolchain/bin/../lib/gcc/arm-none-eabi/4.8.4/../../../../arm-none-eabi/lib/armv6-m\libg_s.a(lib_a-findfp.o)
                0x000067d8                _cleanup_r
 .text.std.isra.0
                0x0000680c       0x48 c:/freescale/kds_v3/toolchain/bin/../lib/gcc/arm-none-eabi/4.8.4/../../../../arm-none-eabi/lib/armv6-m\libg_s.a(lib_a-findfp.o)
 .text.__sfmoreglue
                0x00006854       0x2c c:/freescale/kds_v3/toolchain/bin/../lib/gcc/arm-none-eabi/4.8.4/../../../../arm-none-eabi/lib/armv6-m\libg_s.a(lib_a-findfp.o)
                0x00006854                __sfmoreglue
 .text.__sinit  0x00006880       0x64 c:/freescale/kds_v3/toolchain/bin/../lib/gcc/arm-none-eabi/4.8.4/../../../../arm-none-eabi/lib/armv6-m\libg_s.a(lib_a-findfp.o)
                0x00006880                __sinit
 .text.__sfp    0x000068e4       0x7c c:/freescale/kds_v3/toolchain/bin/../lib/gcc/arm-none-eabi/4.8.4/../../../../arm-none-eabi/lib/armv6-m\libg_s.a(lib_a-findfp.o)
                0x000068e4                __sfp
 .text.__smakebuf_r
                0x00006960       0xa0 c:/freescale/kds_v3/toolchain/bin/../lib/gcc/arm-none-eabi/4.8.4/../../../../arm-none-eabi/lib/armv6-m\libg_s.a(lib_a-makebuf.o)
                0x00006960                __smakebuf_r
 .text.memchr   0x00006a00       0x16 c:/freescale/kds_v3/toolchain/bin/../lib/gcc/arm-none-eabi/4.8.4/../../../../arm-none-eabi/lib/armv6-m\libg_s.a(lib_a-memchr-stub.o)
                0x00006a00                memchr
 .text.memcpy   0x00006a16       0x12 c:/freescale/kds_v3/toolchain/bin/../lib/gcc/arm-none-eabi/4.8.4/../../../../arm-none-eabi/lib/armv6-m\libg_s.a(lib_a-memcpy-stub.o)
                0x00006a16                memcpy
 .text.memmove  0x00006a28       0x32 c:/freescale/kds_v3/toolchain/bin/../lib/gcc/arm-none-eabi/4.8.4/../../../../arm-none-eabi/lib/armv6-m\libg_s.a(lib_a-memmove.o)
                0x00006a28                memmove
 .text._realloc_r
                0x00006a5a       0x4c c:/freescale/kds_v3/toolchain/bin/../lib/gcc/arm-none-eabi/4.8.4/../../../../arm-none-eabi/lib/armv6-m\libg_s.a(lib_a-nano-reallocr.o)
                0x00006a5a                _realloc_r
 .text._raise_r
                0x00006aa6       0x56 c:/freescale/kds_v3/toolchain/bin/../lib/gcc/arm-none-eabi/4.8.4/../../../../arm-none-eabi/lib/armv6-m\libg_s.a(lib_a-signal.o)
                0x00006aa6                _raise_r
 .text.raise    0x00006afc       0x14 c:/freescale/kds_v3/toolchain/bin/../lib/gcc/arm-none-eabi/4.8.4/../../../../arm-none-eabi/lib/armv6-m\libg_s.a(lib_a-signal.o)
                0x00006afc                raise
 .text._kill_r  0x00006b10       0x24 c:/freescale/kds_v3/toolchain/bin/../lib/gcc/arm-none-eabi/4.8.4/../../../../arm-none-eabi/lib/armv6-m\libg_s.a(lib_a-signalr.o)
                0x00006b10                _kill_r
 .text._getpid_r
                0x00006b34        0x8 c:/freescale/kds_v3/toolchain/bin/../lib/gcc/arm-none-eabi/4.8.4/../../../../arm-none-eabi/lib/armv6-m\libg_s.a(lib_a-signalr.o)
                0x00006b34                _getpid_r
 .text.__sread  0x00006b3c       0x28 c:/freescale/kds_v3/toolchain/bin/../lib/gcc/arm-none-eabi/4.8.4/../../../../arm-none-eabi/lib/armv6-m\libg_s.a(lib_a-stdio.o)
                0x00006b3c                __sread
 .text.__swrite
                0x00006b64       0x38 c:/freescale/kds_v3/toolchain/bin/../lib/gcc/arm-none-eabi/4.8.4/../../../../arm-none-eabi/lib/armv6-m\libg_s.a(lib_a-stdio.o)
                0x00006b64                __swrite
 .text.__sseek  0x00006b9c       0x2c c:/freescale/kds_v3/toolchain/bin/../lib/gcc/arm-none-eabi/4.8.4/../../../../arm-none-eabi/lib/armv6-m\libg_s.a(lib_a-stdio.o)
                0x00006b9c                __sseek
 .text.__sclose
                0x00006bc8        0xc c:/freescale/kds_v3/toolchain/bin/../lib/gcc/arm-none-eabi/4.8.4/../../../../arm-none-eabi/lib/armv6-m\libg_s.a(lib_a-stdio.o)
                0x00006bc8                __sclose
 .text._write_r
                0x00006bd4       0x28 c:/freescale/kds_v3/toolchain/bin/../lib/gcc/arm-none-eabi/4.8.4/../../../../arm-none-eabi/lib/armv6-m\libg_s.a(lib_a-writer.o)
                0x00006bd4                _write_r
 .text._close_r
                0x00006bfc       0x24 c:/freescale/kds_v3/toolchain/bin/../lib/gcc/arm-none-eabi/4.8.4/../../../../arm-none-eabi/lib/armv6-m\libg_s.a(lib_a-closer.o)
                0x00006bfc                _close_r
 .text._fstat_r
                0x00006c20       0x24 c:/freescale/kds_v3/toolchain/bin/../lib/gcc/arm-none-eabi/4.8.4/../../../../arm-none-eabi/lib/armv6-m\libg_s.a(lib_a-fstatr.o)
                0x00006c20                _fstat_r
 .text._isatty_r
                0x00006c44       0x24 c:/freescale/kds_v3/toolchain/bin/../lib/gcc/arm-none-eabi/4.8.4/../../../../arm-none-eabi/lib/armv6-m\libg_s.a(lib_a-isattyr.o)
                0x00006c44                _isatty_r
 .text._lseek_r
                0x00006c68       0x28 c:/freescale/kds_v3/toolchain/bin/../lib/gcc/arm-none-eabi/4.8.4/../../../../arm-none-eabi/lib/armv6-m\libg_s.a(lib_a-lseekr.o)
                0x00006c68                _lseek_r
 .text._malloc_usable_size_r
                0x00006c90       0x12 c:/freescale/kds_v3/toolchain/bin/../lib/gcc/arm-none-eabi/4.8.4/../../../../arm-none-eabi/lib/armv6-m\libg_s.a(lib_a-nano-msizer.o)
                0x00006c90                _malloc_usable_size_r
 *fill*         0x00006ca2        0x2 
 .text._read_r  0x00006ca4       0x28 c:/freescale/kds_v3/toolchain/bin/../lib/gcc/arm-none-eabi/4.8.4/../../../../arm-none-eabi/lib/armv6-m\libg_s.a(lib_a-readr.o)
                0x00006ca4                _read_r
 .text._close   0x00006ccc       0x10 c:/freescale/kds_v3/toolchain/bin/../lib/gcc/arm-none-eabi/4.8.4/../../../../arm-none-eabi/lib/armv6-m\libnosys.a(close.o)
                0x00006ccc                _close
 .text._fstat   0x00006cdc       0x10 c:/freescale/kds_v3/toolchain/bin/../lib/gcc/arm-none-eabi/4.8.4/../../../../arm-none-eabi/lib/armv6-m\libnosys.a(fstat.o)
                0x00006cdc                _fstat
 .text._getpid  0x00006cec       0x10 c:/freescale/kds_v3/toolchain/bin/../lib/gcc/arm-none-eabi/4.8.4/../../../../arm-none-eabi/lib/armv6-m\libnosys.a(getpid.o)
                0x00006cec                _getpid
 .text._isatty  0x00006cfc       0x10 c:/freescale/kds_v3/toolchain/bin/../lib/gcc/arm-none-eabi/4.8.4/../../../../arm-none-eabi/lib/armv6-m\libnosys.a(isatty.o)
                0x00006cfc                _isatty
 .text._kill    0x00006d0c       0x10 c:/freescale/kds_v3/toolchain/bin/../lib/gcc/arm-none-eabi/4.8.4/../../../../arm-none-eabi/lib/armv6-m\libnosys.a(kill.o)
                0x00006d0c                _kill
 .text._lseek   0x00006d1c       0x10 c:/freescale/kds_v3/toolchain/bin/../lib/gcc/arm-none-eabi/4.8.4/../../../../arm-none-eabi/lib/armv6-m\libnosys.a(lseek.o)
                0x00006d1c                _lseek
 .text._exit    0x00006d2c        0x4 c:/freescale/kds_v3/toolchain/bin/../lib/gcc/arm-none-eabi/4.8.4/../../../../arm-none-eabi/lib/armv6-m\libnosys.a(_exit.o)
                0x00006d2c                _exit
 *(.rodata)
 .rodata        0x00006d30        0xc ./utilities/fsl_debug_console.o
 .rodata        0x00006d3c        0x4 ./src/dma.o
 .rodata        0x00006d40        0x8 ./source/main.o
 .rodata        0x00006d48       0x40 ./board/board.o
 .rodata        0x00006d88       0x40 ./board/pin_mux.o
 .rodata        0x00006dc8      0x124 C:/Freescale/KSDK_1.3.0/examples/frdmkl25z/demo_apps/hello_world/kds/../../../../../lib/ksdk_platform_lib/kds/KL25Z4/debug/libksdk_platform.a(fsl_lptmr_driver.o)
 .rodata        0x00006eec       0xf0 C:/Freescale/KSDK_1.3.0/examples/frdmkl25z/demo_apps/hello_world/kds/../../../../../lib/ksdk_platform_lib/kds/KL25Z4/debug/libksdk_platform.a(fsl_gpio_driver.o)
 .rodata        0x00006fdc      0x22c C:/Freescale/KSDK_1.3.0/examples/frdmkl25z/demo_apps/hello_world/kds/../../../../../lib/ksdk_platform_lib/kds/KL25Z4/debug/libksdk_platform.a(fsl_clock_MKL25Z4.o)
 .rodata        0x00007208       0xcc C:/Freescale/KSDK_1.3.0/examples/frdmkl25z/demo_apps/hello_world/kds/../../../../../lib/ksdk_platform_lib/kds/KL25Z4/debug/libksdk_platform.a(fsl_clock_manager.o)
 .rodata        0x000072d4       0x4c C:/Freescale/KSDK_1.3.0/examples/frdmkl25z/demo_apps/hello_world/kds/../../../../../lib/ksdk_platform_lib/kds/KL25Z4/debug/libksdk_platform.a(fsl_gpio_hal.o)
 .rodata        0x00007320       0x40 c:/freescale/kds_v3/toolchain/bin/../lib/gcc/arm-none-eabi/4.8.4/armv6-m\libgcc.a(mulsf3.o)
 .rodata        0x00007360       0x40 c:/freescale/kds_v3/toolchain/bin/../lib/gcc/arm-none-eabi/4.8.4/armv6-m\libgcc.a(divdf3.o)
 .rodata        0x000073a0       0x40 c:/freescale/kds_v3/toolchain/bin/../lib/gcc/arm-none-eabi/4.8.4/armv6-m\libgcc.a(muldf3.o)
 *(.rodata*)
 .rodata.g_defaultClockConfigRun
                0x000073e0       0x14 ./board/board.o
                0x000073e0                g_defaultClockConfigRun
 .rodata.__func__.4998
                0x000073f4       0x14 ./board/board.o
 .rodata.__func__.4978
                0x00007408       0x14 ./board/pin_mux.o
 .rodata.__func__.6526
                0x0000741c       0x10 C:/Freescale/KSDK_1.3.0/examples/frdmkl25z/demo_apps/hello_world/kds/../../../../../lib/ksdk_platform_lib/kds/KL25Z4/debug/libksdk_platform.a(fsl_lptmr_driver.o)
 .rodata.__func__.5691
                0x0000742c       0x14 C:/Freescale/KSDK_1.3.0/examples/frdmkl25z/demo_apps/hello_world/kds/../../../../../lib/ksdk_platform_lib/kds/KL25Z4/debug/libksdk_platform.a(fsl_lptmr_driver.o)
 .rodata.__func__.5695
                0x00007440       0x14 C:/Freescale/KSDK_1.3.0/examples/frdmkl25z/demo_apps/hello_world/kds/../../../../../lib/ksdk_platform_lib/kds/KL25Z4/debug/libksdk_platform.a(fsl_lptmr_driver.o)
 .rodata.__func__.6538
                0x00007454       0x10 C:/Freescale/KSDK_1.3.0/examples/frdmkl25z/demo_apps/hello_world/kds/../../../../../lib/ksdk_platform_lib/kds/KL25Z4/debug/libksdk_platform.a(fsl_lptmr_driver.o)
 .rodata.__func__.6549
                0x00007464       0x1c C:/Freescale/KSDK_1.3.0/examples/frdmkl25z/demo_apps/hello_world/kds/../../../../../lib/ksdk_platform_lib/kds/KL25Z4/debug/libksdk_platform.a(fsl_lptmr_driver.o)
 .rodata.__func__.6574
                0x00007480       0x1c C:/Freescale/KSDK_1.3.0/examples/frdmkl25z/demo_apps/hello_world/kds/../../../../../lib/ksdk_platform_lib/kds/KL25Z4/debug/libksdk_platform.a(fsl_lptmr_driver.o)
 .rodata.__func__.6578
                0x0000749c       0x18 C:/Freescale/KSDK_1.3.0/examples/frdmkl25z/demo_apps/hello_world/kds/../../../../../lib/ksdk_platform_lib/kds/KL25Z4/debug/libksdk_platform.a(fsl_lptmr_driver.o)
 .rodata.__func__.4978
                0x000074b4       0x14 C:/Freescale/KSDK_1.3.0/examples/frdmkl25z/demo_apps/hello_world/kds/../../../../../lib/ksdk_platform_lib/kds/KL25Z4/debug/libksdk_platform.a(fsl_gpio_driver.o)
 .rodata.__func__.4960
                0x000074c8       0x1c C:/Freescale/KSDK_1.3.0/examples/frdmkl25z/demo_apps/hello_world/kds/../../../../../lib/ksdk_platform_lib/kds/KL25Z4/debug/libksdk_platform.a(fsl_gpio_driver.o)
 .rodata.__func__.4972
                0x000074e4       0x20 C:/Freescale/KSDK_1.3.0/examples/frdmkl25z/demo_apps/hello_world/kds/../../../../../lib/ksdk_platform_lib/kds/KL25Z4/debug/libksdk_platform.a(fsl_gpio_driver.o)
 .rodata.__func__.5066
                0x00007504       0x1c C:/Freescale/KSDK_1.3.0/examples/frdmkl25z/demo_apps/hello_world/kds/../../../../../lib/ksdk_platform_lib/kds/KL25Z4/debug/libksdk_platform.a(fsl_gpio_driver.o)
 .rodata.portGateTable
                0x00007520        0x8 C:/Freescale/KSDK_1.3.0/examples/frdmkl25z/demo_apps/hello_world/kds/../../../../../lib/ksdk_platform_lib/kds/KL25Z4/debug/libksdk_platform.a(fsl_clock_MKL25Z4.o)
 .rodata.uartGateTable
                0x00007528        0x4 C:/Freescale/KSDK_1.3.0/examples/frdmkl25z/demo_apps/hello_world/kds/../../../../../lib/ksdk_platform_lib/kds/KL25Z4/debug/libksdk_platform.a(fsl_clock_MKL25Z4.o)
 .rodata.__func__.6456
                0x0000752c       0x1c C:/Freescale/KSDK_1.3.0/examples/frdmkl25z/demo_apps/hello_world/kds/../../../../../lib/ksdk_platform_lib/kds/KL25Z4/debug/libksdk_platform.a(fsl_clock_MKL25Z4.o)
 .rodata.__func__.6529
                0x00007548       0x1c C:/Freescale/KSDK_1.3.0/examples/frdmkl25z/demo_apps/hello_world/kds/../../../../../lib/ksdk_platform_lib/kds/KL25Z4/debug/libksdk_platform.a(fsl_clock_MKL25Z4.o)
 .rodata.__func__.6534
                0x00007564       0x1c C:/Freescale/KSDK_1.3.0/examples/frdmkl25z/demo_apps/hello_world/kds/../../../../../lib/ksdk_platform_lib/kds/KL25Z4/debug/libksdk_platform.a(fsl_clock_MKL25Z4.o)
 .rodata.__func__.6614
                0x00007580       0x14 C:/Freescale/KSDK_1.3.0/examples/frdmkl25z/demo_apps/hello_world/kds/../../../../../lib/ksdk_platform_lib/kds/KL25Z4/debug/libksdk_platform.a(fsl_clock_manager.o)
 .rodata.g_oscBase
                0x00007594        0x4 C:/Freescale/KSDK_1.3.0/examples/frdmkl25z/demo_apps/hello_world/kds/../../../../../lib/ksdk_platform_lib/kds/KL25Z4/debug/libksdk_platform.a(fsl_clock_manager_common.o)
                0x00007594                g_oscBase
 .rodata.fllFactorTable.5209
                0x00007598       0x10 C:/Freescale/KSDK_1.3.0/examples/frdmkl25z/demo_apps/hello_world/kds/../../../../../lib/ksdk_platform_lib/kds/KL25Z4/debug/libksdk_platform.a(fsl_mcg_hal.o)
 .rodata.g_lptmrBase
                0x000075a8        0x4 C:/Freescale/KSDK_1.3.0/examples/frdmkl25z/demo_apps/hello_world/kds/../../../../../lib/ksdk_platform_lib/kds/KL25Z4/debug/libksdk_platform.a(fsl_lptmr_common.o)
                0x000075a8                g_lptmrBase
 .rodata.g_lptmrIrqId
                0x000075ac        0x4 C:/Freescale/KSDK_1.3.0/examples/frdmkl25z/demo_apps/hello_world/kds/../../../../../lib/ksdk_platform_lib/kds/KL25Z4/debug/libksdk_platform.a(fsl_lptmr_common.o)
                0x000075ac                g_lptmrIrqId
 .rodata.__func__.5059
                0x000075b0       0x14 C:/Freescale/KSDK_1.3.0/examples/frdmkl25z/demo_apps/hello_world/kds/../../../../../lib/ksdk_platform_lib/kds/KL25Z4/debug/libksdk_platform.a(fsl_gpio_hal.o)
 .rodata.__func__.5065
                0x000075c4       0x18 C:/Freescale/KSDK_1.3.0/examples/frdmkl25z/demo_apps/hello_world/kds/../../../../../lib/ksdk_platform_lib/kds/KL25Z4/debug/libksdk_platform.a(fsl_gpio_hal.o)
 .rodata.g_gpioBase
                0x000075dc       0x14 C:/Freescale/KSDK_1.3.0/examples/frdmkl25z/demo_apps/hello_world/kds/../../../../../lib/ksdk_platform_lib/kds/KL25Z4/debug/libksdk_platform.a(fsl_gpio_common.o)
                0x000075dc                g_gpioBase
 .rodata.g_portBase
                0x000075f0       0x14 C:/Freescale/KSDK_1.3.0/examples/frdmkl25z/demo_apps/hello_world/kds/../../../../../lib/ksdk_platform_lib/kds/KL25Z4/debug/libksdk_platform.a(fsl_gpio_common.o)
                0x000075f0                g_portBase
 .rodata.str1.4
                0x00007604        0xc c:/freescale/kds_v3/toolchain/bin/../lib/gcc/arm-none-eabi/4.8.4/../../../../arm-none-eabi/lib/armv6-m\libm.a(lib_a-w_log10.o)
 .rodata.str1.1
                0x00007610       0x3c c:/freescale/kds_v3/toolchain/bin/../lib/gcc/arm-none-eabi/4.8.4/../../../../arm-none-eabi/lib/armv6-m\libg_s.a(lib_a-assert.o)
                                 0x3d (size before relaxing)
 .rodata.str1.1
                0x0000764c        0x2 c:/freescale/kds_v3/toolchain/bin/../lib/gcc/arm-none-eabi/4.8.4/../../../../arm-none-eabi/lib/armv6-m\libg_s.a(lib_a-impure.o)
 *fill*         0x0000764e        0x2 
 .rodata._global_impure_ptr
                0x00007650        0x4 c:/freescale/kds_v3/toolchain/bin/../lib/gcc/arm-none-eabi/4.8.4/../../../../arm-none-eabi/lib/armv6-m\libg_s.a(lib_a-impure.o)
                0x00007650                _global_impure_ptr
 .rodata.str1.1
                0x00007654       0x11 c:/freescale/kds_v3/toolchain/bin/../lib/gcc/arm-none-eabi/4.8.4/../../../../arm-none-eabi/lib/armv6-m\libg_s.a(lib_a-svfprintf.o)
 .rodata.str1.1
                0x00000000       0x11 c:/freescale/kds_v3/toolchain/bin/../lib/gcc/arm-none-eabi/4.8.4/../../../../arm-none-eabi/lib/armv6-m\libg_s.a(lib_a-vfprintf.o)
 .rodata.str1.1
                0x00007665       0x22 c:/freescale/kds_v3/toolchain/bin/../lib/gcc/arm-none-eabi/4.8.4/../../../../arm-none-eabi/lib/armv6-m\libg_s.a(lib_a-vfprintf_i.o)
 *fill*         0x00007687        0x1 
 .rodata.__sf_fake_stdin
                0x00007688       0x20 c:/freescale/kds_v3/toolchain/bin/../lib/gcc/arm-none-eabi/4.8.4/../../../../arm-none-eabi/lib/armv6-m\libg_s.a(lib_a-findfp.o)
                0x00007688                __sf_fake_stdin
 .rodata.__sf_fake_stdout
                0x000076a8       0x20 c:/freescale/kds_v3/toolchain/bin/../lib/gcc/arm-none-eabi/4.8.4/../../../../arm-none-eabi/lib/armv6-m\libg_s.a(lib_a-findfp.o)
                0x000076a8                __sf_fake_stdout
 .rodata.__sf_fake_stderr
                0x000076c8       0x20 c:/freescale/kds_v3/toolchain/bin/../lib/gcc/arm-none-eabi/4.8.4/../../../../arm-none-eabi/lib/armv6-m\libg_s.a(lib_a-findfp.o)
                0x000076c8                __sf_fake_stderr
 *(.glue_7)
 .glue_7        0x00000000        0x0 linker stubs
 *(.glue_7t)
 .glue_7t       0x00000000        0x0 linker stubs
 *(.eh_frame)
 .eh_frame      0x000076e8        0x0 c:/freescale/kds_v3/toolchain/bin/../lib/gcc/arm-none-eabi/4.8.4/armv6-m/crtbegin.o
 *(.init)
 .init          0x000076e8        0x4 c:/freescale/kds_v3/toolchain/bin/../lib/gcc/arm-none-eabi/4.8.4/armv6-m/crti.o
                0x000076e8                _init
 .init          0x000076ec        0x8 c:/freescale/kds_v3/toolchain/bin/../lib/gcc/arm-none-eabi/4.8.4/armv6-m/crtn.o
 *(.fini)
 .fini          0x000076f4        0x4 c:/freescale/kds_v3/toolchain/bin/../lib/gcc/arm-none-eabi/4.8.4/armv6-m/crti.o
                0x000076f4                _fini
 .fini          0x000076f8        0x8 c:/freescale/kds_v3/toolchain/bin/../lib/gcc/arm-none-eabi/4.8.4/armv6-m/crtn.o
                0x00007700                . = ALIGN (0x4)

.vfp11_veneer   0x00007700        0x0
 .vfp11_veneer  0x00000000        0x0 linker stubs

.v4_bx          0x00007700        0x0
 .v4_bx         0x00000000        0x0 linker stubs

.iplt           0x00007700        0x0
 .iplt          0x00000000        0x0 c:/freescale/kds_v3/toolchain/bin/../lib/gcc/arm-none-eabi/4.8.4/armv6-m/crtbegin.o

.ARM.extab
 *(.ARM.extab* .gnu.linkonce.armextab.*)

.ARM            0x00007700        0x8
                0x00007700                __exidx_start = .
 *(.ARM.exidx*)
 .ARM.exidx     0x00007700        0x8 c:/freescale/kds_v3/toolchain/bin/../lib/gcc/arm-none-eabi/4.8.4/../../../../arm-none-eabi/lib/armv6-m/crt0.o
                0x00007708                __exidx_end = .

.rel.dyn        0x00007708        0x0
 .rel.iplt      0x00000000        0x0 c:/freescale/kds_v3/toolchain/bin/../lib/gcc/arm-none-eabi/4.8.4/armv6-m/crtbegin.o

.ctors          0x00007708        0x0
                0x00007708                __CTOR_LIST__ = .
 *crtbegin.o(.ctors)
 *crtbegin?.o(.ctors)
 *(EXCLUDE_FILE(*crtend.o *crtend?.o) .ctors)
 *(SORT(.ctors.*))
 *(.ctors)
                0x00007708                __CTOR_END__ = .

.dtors          0x00007708        0x0
                0x00007708                __DTOR_LIST__ = .
 *crtbegin.o(.dtors)
 *crtbegin?.o(.dtors)
 *(EXCLUDE_FILE(*crtend.o *crtend?.o) .dtors)
 *(SORT(.dtors.*))
 *(.dtors)
                0x00007708                __DTOR_END__ = .

.preinit_array  0x00007708        0x0
                0x00007708                PROVIDE (__preinit_array_start, .)
 *(.preinit_array*)
                0x00007708                PROVIDE (__preinit_array_end, .)

.init_array     0x00007708        0x4
                0x00007708                PROVIDE (__init_array_start, .)
 *(SORT(.init_array.*))
 *(.init_array*)
 .init_array    0x00007708        0x4 c:/freescale/kds_v3/toolchain/bin/../lib/gcc/arm-none-eabi/4.8.4/armv6-m/crtbegin.o
                0x0000770c                PROVIDE (__init_array_end, .)

.fini_array     0x0000770c        0x4
                0x0000770c                PROVIDE (__fini_array_start, .)
 *(SORT(.fini_array.*))
 *(.fini_array*)
 .fini_array    0x0000770c        0x4 c:/freescale/kds_v3/toolchain/bin/../lib/gcc/arm-none-eabi/4.8.4/armv6-m/crtbegin.o
                0x00007710                PROVIDE (__fini_array_end, .)
                0x00007710                __etext = .
                0x00007710                __DATA_ROM = .

.mtb            0x1ffff000        0x0
                0x1ffff000                . = ALIGN (0x8)
                0x1ffff000                _mtb_start = .
 *(.mtb_buf)
                0x1ffff000                . = ALIGN (0x8)
                0x1ffff000                _mtb_end = .

.interrupts_ram
                0x1ffff000        0x0
                0x1ffff000                . = ALIGN (0x4)
                0x1ffff000                __VECTOR_RAM__ = .
                0x1ffff000                __interrupts_ram_start__ = .
 *(.m_interrupts_ram)
                0x1ffff000                . = (. + M_VECTOR_RAM_SIZE)
                0x1ffff000                . = ALIGN (0x4)
                0x1ffff000                __interrupts_ram_end__ = .
                0x00000000                __VECTOR_RAM = DEFINED (__ram_vector_table__)?__VECTOR_RAM__:ORIGIN (m_interrupts)
                0x00000000                __RAM_VECTOR_TABLE_SIZE_BYTES = DEFINED (__ram_vector_table__)?(__interrupts_ram_end__ - __interrupts_ram_start__):0x0

.data           0x1ffff000       0xac load address 0x00007710
                0x1ffff000                . = ALIGN (0x4)
                0x1ffff000                __DATA_RAM = .
                0x1ffff000                __data_start__ = .
 *(.data)
 *(.data*)
 .data.SystemCoreClock
                0x1ffff000        0x4 ./startup/system_MKL25Z4.o
                0x1ffff000                SystemCoreClock
 .data.alpha    0x1ffff004        0x4 ./src/app.o
                0x1ffff004                alpha
 .data.ledPins  0x1ffff008       0x30 ./board/gpio_pins.o
                0x1ffff008                ledPins
 .data.g_fastInternalRefClkFreq
                0x1ffff038        0x4 C:/Freescale/KSDK_1.3.0/examples/frdmkl25z/demo_apps/hello_world/kds/../../../../../lib/ksdk_platform_lib/kds/KL25Z4/debug/libksdk_platform.a(fsl_mcg_hal.o)
                0x1ffff038                g_fastInternalRefClkFreq
 .data.g_slowInternalRefClkFreq
                0x1ffff03c        0x4 C:/Freescale/KSDK_1.3.0/examples/frdmkl25z/demo_apps/hello_world/kds/../../../../../lib/ksdk_platform_lib/kds/KL25Z4/debug/libksdk_platform.a(fsl_mcg_hal.o)
                0x1ffff03c                g_slowInternalRefClkFreq
 .data.__fdlib_version
                0x1ffff040        0x1 c:/freescale/kds_v3/toolchain/bin/../lib/gcc/arm-none-eabi/4.8.4/../../../../arm-none-eabi/lib/armv6-m\libm.a(lib_a-s_lib_ver.o)
                0x1ffff040                __fdlib_version
 *fill*         0x1ffff041        0x3 
 .data.impure_data
                0x1ffff044       0x60 c:/freescale/kds_v3/toolchain/bin/../lib/gcc/arm-none-eabi/4.8.4/../../../../arm-none-eabi/lib/armv6-m\libg_s.a(lib_a-impure.o)
 .data._impure_ptr
                0x1ffff0a4        0x4 c:/freescale/kds_v3/toolchain/bin/../lib/gcc/arm-none-eabi/4.8.4/../../../../arm-none-eabi/lib/armv6-m\libg_s.a(lib_a-impure.o)
                0x1ffff0a4                _impure_ptr
 *(.jcr*)
 .jcr           0x1ffff0a8        0x0 c:/freescale/kds_v3/toolchain/bin/../lib/gcc/arm-none-eabi/4.8.4/armv6-m/crtbegin.o
 .jcr           0x1ffff0a8        0x4 c:/freescale/kds_v3/toolchain/bin/../lib/gcc/arm-none-eabi/4.8.4/armv6-m/crtend.o
                0x1ffff0ac                . = ALIGN (0x4)
                0x1ffff0ac                __data_end__ = .
                0x000077bc                __DATA_END = (__DATA_ROM + (__data_end__ - __data_start__))
                0x00020000                text_end = (ORIGIN (m_text) + 0x1fbf0)
                0x00000001                ASSERT ((__DATA_END <= text_end), region m_text overflowed with text and data)

.igot.plt       0x1ffff0ac        0x0 load address 0x000077bc
 .igot.plt      0x00000000        0x0 c:/freescale/kds_v3/toolchain/bin/../lib/gcc/arm-none-eabi/4.8.4/armv6-m/crtbegin.o

.bss            0x1ffff0ac       0x58 load address 0x000077bc
                0x1ffff0ac                . = ALIGN (0x4)
                0x1ffff0ac                __START_BSS = .
                0x1ffff0ac                __bss_start__ = .
 *(.bss)
 .bss           0x1ffff0ac       0x1c c:/freescale/kds_v3/toolchain/bin/../lib/gcc/arm-none-eabi/4.8.4/armv6-m/crtbegin.o
 *(.bss*)
 .bss.s_debugConsole
                0x1ffff0c8       0x10 ./utilities/fsl_debug_console.o
 .bss.heap_end.5140
                0x1ffff0d8        0x4 ./utilities/fsl_misc_utilities.o
 .bss.peak      0x1ffff0dc        0x4 ./src/app.o
                0x1ffff0dc                peak
 .bss.head      0x1ffff0e0        0x4 ./src/app.o
                0x1ffff0e0                head
 .bss.peak_flag
                0x1ffff0e4        0x1 ./src/app.o
                0x1ffff0e4                peak_flag
 *fill*         0x1ffff0e5        0x1 
 .bss.adc_value
                0x1ffff0e6        0x2 ./src/app.o
                0x1ffff0e6                adc_value
 .bss.base_addr
                0x1ffff0e8        0x4 ./src/dma.o
                0x1ffff0e8                base_addr
 .bss.g_xtal0ClkFreq
                0x1ffff0ec        0x4 C:/Freescale/KSDK_1.3.0/examples/frdmkl25z/demo_apps/hello_world/kds/../../../../../lib/ksdk_platform_lib/kds/KL25Z4/debug/libksdk_platform.a(fsl_mcg_hal.o)
                0x1ffff0ec                g_xtal0ClkFreq
 .bss.g_xtalRtcClkFreq
                0x1ffff0f0        0x4 C:/Freescale/KSDK_1.3.0/examples/frdmkl25z/demo_apps/hello_world/kds/../../../../../lib/ksdk_platform_lib/kds/KL25Z4/debug/libksdk_platform.a(fsl_mcg_hal.o)
                0x1ffff0f0                g_xtalRtcClkFreq
 .bss.g_lptmrStatePtr
                0x1ffff0f4        0x4 C:/Freescale/KSDK_1.3.0/examples/frdmkl25z/demo_apps/hello_world/kds/../../../../../lib/ksdk_platform_lib/kds/KL25Z4/debug/libksdk_platform.a(fsl_lptmr_common.o)
                0x1ffff0f4                g_lptmrStatePtr
 .bss.__malloc_sbrk_start
                0x1ffff0f8        0x4 c:/freescale/kds_v3/toolchain/bin/../lib/gcc/arm-none-eabi/4.8.4/../../../../arm-none-eabi/lib/armv6-m\libg_s.a(lib_a-nano-mallocr.o)
                0x1ffff0f8                __malloc_sbrk_start
 .bss.__malloc_free_list
                0x1ffff0fc        0x4 c:/freescale/kds_v3/toolchain/bin/../lib/gcc/arm-none-eabi/4.8.4/../../../../arm-none-eabi/lib/armv6-m\libg_s.a(lib_a-nano-mallocr.o)
                0x1ffff0fc                __malloc_free_list
 *(COMMON)
 COMMON         0x1ffff100        0x4 c:/freescale/kds_v3/toolchain/bin/../lib/gcc/arm-none-eabi/4.8.4/../../../../arm-none-eabi/lib/armv6-m\libg_s.a(lib_a-reent.o)
                0x1ffff100                errno
                0x1ffff104                . = ALIGN (0x4)
                0x1ffff104                __bss_end__ = .
                0x1ffff104                __END_BSS = .

.heap           0x1ffff104      0x204 load address 0x00007814
                0x1ffff108                . = ALIGN (0x8)
 *fill*         0x1ffff104        0x4 
                0x1ffff108                __end__ = .
                0x1ffff108                PROVIDE (end, .)
                0x1ffff108                __HeapBase = .
                0x1ffff308                . = (. + HEAP_SIZE)
 *fill*         0x1ffff108      0x200 
                0x1ffff308                __HeapLimit = .

.stack          0x1ffff308      0x400 load address 0x00007a18
                0x1ffff308                . = ALIGN (0x8)
                0x1ffff708                . = (. + STACK_SIZE)
 *fill*         0x1ffff308      0x400 
                0x20003000                __StackTop = (ORIGIN (m_data) + 0x4000)
                0x20002c00                __StackLimit = (__StackTop - STACK_SIZE)
                0x20003000                PROVIDE (__stack, __StackTop)

.ARM.attributes
                0x00000000       0x28
 *(.ARM.attributes)
 .ARM.attributes
                0x00000000       0x1e c:/freescale/kds_v3/toolchain/bin/../lib/gcc/arm-none-eabi/4.8.4/armv6-m/crti.o
 .ARM.attributes
                0x0000001e       0x2c c:/freescale/kds_v3/toolchain/bin/../lib/gcc/arm-none-eabi/4.8.4/armv6-m/crtbegin.o
 .ARM.attributes
                0x0000004a       0x1b c:/freescale/kds_v3/toolchain/bin/../lib/gcc/arm-none-eabi/4.8.4/../../../../arm-none-eabi/lib/armv6-m/crt0.o
 .ARM.attributes
                0x00000065       0x32 ./utilities/fsl_debug_console.o
 .ARM.attributes
                0x00000097       0x32 ./utilities/fsl_misc_utilities.o
 .ARM.attributes
                0x000000c9       0x32 ./startup/startup.o
 .ARM.attributes
                0x000000fb       0x1b ./startup/startup_MKL25Z4.o
 .ARM.attributes
                0x00000116       0x32 ./startup/system_MKL25Z4.o
 .ARM.attributes
                0x00000148       0x32 ./src/adc.o
 .ARM.attributes
                0x0000017a       0x32 ./src/app.o
 .ARM.attributes
                0x000001ac       0x32 ./src/dma.o
 .ARM.attributes
                0x000001de       0x32 ./src/gpio.o
 .ARM.attributes
                0x00000210       0x32 ./src/uart.o
 .ARM.attributes
                0x00000242       0x32 ./source/fsl_lptmr_irq.o
 .ARM.attributes
                0x00000274       0x32 ./source/main.o
 .ARM.attributes
                0x000002a6       0x32 ./board/board.o
 .ARM.attributes
                0x000002d8       0x32 ./board/gpio_pins.o
 .ARM.attributes
                0x0000030a       0x32 ./board/hardware_init.o
 .ARM.attributes
                0x0000033c       0x32 ./board/pin_mux.o
 .ARM.attributes
                0x0000036e       0x32 C:/Freescale/KSDK_1.3.0/examples/frdmkl25z/demo_apps/hello_world/kds/../../../../../lib/ksdk_platform_lib/kds/KL25Z4/debug/libksdk_platform.a(fsl_uart_hal.o)
 .ARM.attributes
                0x000003a0       0x32 C:/Freescale/KSDK_1.3.0/examples/frdmkl25z/demo_apps/hello_world/kds/../../../../../lib/ksdk_platform_lib/kds/KL25Z4/debug/libksdk_platform.a(fsl_lptmr_driver.o)
 .ARM.attributes
                0x000003d2       0x32 C:/Freescale/KSDK_1.3.0/examples/frdmkl25z/demo_apps/hello_world/kds/../../../../../lib/ksdk_platform_lib/kds/KL25Z4/debug/libksdk_platform.a(fsl_lpsci_hal.o)
 .ARM.attributes
                0x00000404       0x32 C:/Freescale/KSDK_1.3.0/examples/frdmkl25z/demo_apps/hello_world/kds/../../../../../lib/ksdk_platform_lib/kds/KL25Z4/debug/libksdk_platform.a(fsl_gpio_driver.o)
 .ARM.attributes
                0x00000436       0x32 C:/Freescale/KSDK_1.3.0/examples/frdmkl25z/demo_apps/hello_world/kds/../../../../../lib/ksdk_platform_lib/kds/KL25Z4/debug/libksdk_platform.a(fsl_clock_MKL25Z4.o)
 .ARM.attributes
                0x00000468       0x32 C:/Freescale/KSDK_1.3.0/examples/frdmkl25z/demo_apps/hello_world/kds/../../../../../lib/ksdk_platform_lib/kds/KL25Z4/debug/libksdk_platform.a(fsl_clock_manager.o)
 .ARM.attributes
                0x0000049a       0x32 C:/Freescale/KSDK_1.3.0/examples/frdmkl25z/demo_apps/hello_world/kds/../../../../../lib/ksdk_platform_lib/kds/KL25Z4/debug/libksdk_platform.a(fsl_clock_manager_common.o)
 .ARM.attributes
                0x000004cc       0x32 C:/Freescale/KSDK_1.3.0/examples/frdmkl25z/demo_apps/hello_world/kds/../../../../../lib/ksdk_platform_lib/kds/KL25Z4/debug/libksdk_platform.a(fsl_sim_hal_MKL25Z4.o)
 .ARM.attributes
                0x000004fe       0x32 C:/Freescale/KSDK_1.3.0/examples/frdmkl25z/demo_apps/hello_world/kds/../../../../../lib/ksdk_platform_lib/kds/KL25Z4/debug/libksdk_platform.a(fsl_osc_hal.o)
 .ARM.attributes
                0x00000530       0x32 C:/Freescale/KSDK_1.3.0/examples/frdmkl25z/demo_apps/hello_world/kds/../../../../../lib/ksdk_platform_lib/kds/KL25Z4/debug/libksdk_platform.a(fsl_mcg_hal.o)
 .ARM.attributes
                0x00000562       0x32 C:/Freescale/KSDK_1.3.0/examples/frdmkl25z/demo_apps/hello_world/kds/../../../../../lib/ksdk_platform_lib/kds/KL25Z4/debug/libksdk_platform.a(fsl_mcg_hal_modes.o)
 .ARM.attributes
                0x00000594       0x32 C:/Freescale/KSDK_1.3.0/examples/frdmkl25z/demo_apps/hello_world/kds/../../../../../lib/ksdk_platform_lib/kds/KL25Z4/debug/libksdk_platform.a(fsl_lptmr_hal.o)
 .ARM.attributes
                0x000005c6       0x32 C:/Freescale/KSDK_1.3.0/examples/frdmkl25z/demo_apps/hello_world/kds/../../../../../lib/ksdk_platform_lib/kds/KL25Z4/debug/libksdk_platform.a(fsl_lptmr_common.o)
 .ARM.attributes
                0x000005f8       0x32 C:/Freescale/KSDK_1.3.0/examples/frdmkl25z/demo_apps/hello_world/kds/../../../../../lib/ksdk_platform_lib/kds/KL25Z4/debug/libksdk_platform.a(fsl_gpio_hal.o)
 .ARM.attributes
                0x0000062a       0x32 C:/Freescale/KSDK_1.3.0/examples/frdmkl25z/demo_apps/hello_world/kds/../../../../../lib/ksdk_platform_lib/kds/KL25Z4/debug/libksdk_platform.a(fsl_gpio_common.o)
 .ARM.attributes
                0x0000065c       0x2c c:/freescale/kds_v3/toolchain/bin/../lib/gcc/arm-none-eabi/4.8.4/../../../../arm-none-eabi/lib/armv6-m\libm.a(lib_a-s_fabs.o)
 .ARM.attributes
                0x00000688       0x2c c:/freescale/kds_v3/toolchain/bin/../lib/gcc/arm-none-eabi/4.8.4/../../../../arm-none-eabi/lib/armv6-m\libm.a(lib_a-w_log10.o)
 .ARM.attributes
                0x000006b4       0x2c c:/freescale/kds_v3/toolchain/bin/../lib/gcc/arm-none-eabi/4.8.4/../../../../arm-none-eabi/lib/armv6-m\libm.a(lib_a-e_log10.o)
 .ARM.attributes
                0x000006e0       0x2c c:/freescale/kds_v3/toolchain/bin/../lib/gcc/arm-none-eabi/4.8.4/../../../../arm-none-eabi/lib/armv6-m\libm.a(lib_a-s_fpclassify.o)
 .ARM.attributes
                0x0000070c       0x2c c:/freescale/kds_v3/toolchain/bin/../lib/gcc/arm-none-eabi/4.8.4/../../../../arm-none-eabi/lib/armv6-m\libm.a(lib_a-s_lib_ver.o)
 .ARM.attributes
                0x00000738       0x2c c:/freescale/kds_v3/toolchain/bin/../lib/gcc/arm-none-eabi/4.8.4/../../../../arm-none-eabi/lib/armv6-m\libm.a(lib_a-s_matherr.o)
 .ARM.attributes
                0x00000764       0x2c c:/freescale/kds_v3/toolchain/bin/../lib/gcc/arm-none-eabi/4.8.4/../../../../arm-none-eabi/lib/armv6-m\libm.a(lib_a-s_nan.o)
 .ARM.attributes
                0x00000790       0x2c c:/freescale/kds_v3/toolchain/bin/../lib/gcc/arm-none-eabi/4.8.4/../../../../arm-none-eabi/lib/armv6-m\libm.a(lib_a-e_log.o)
 .ARM.attributes
                0x000007bc       0x2c c:/freescale/kds_v3/toolchain/bin/../lib/gcc/arm-none-eabi/4.8.4/../../../../arm-none-eabi/lib/armv6-m\libg_s.a(lib_a-assert.o)
 .ARM.attributes
                0x000007e8       0x2c c:/freescale/kds_v3/toolchain/bin/../lib/gcc/arm-none-eabi/4.8.4/../../../../arm-none-eabi/lib/armv6-m\libg_s.a(lib_a-errno.o)
 .ARM.attributes
                0x00000814       0x2c c:/freescale/kds_v3/toolchain/bin/../lib/gcc/arm-none-eabi/4.8.4/../../../../arm-none-eabi/lib/armv6-m\libg_s.a(lib_a-exit.o)
 .ARM.attributes
                0x00000840       0x2c c:/freescale/kds_v3/toolchain/bin/../lib/gcc/arm-none-eabi/4.8.4/../../../../arm-none-eabi/lib/armv6-m\libg_s.a(lib_a-fprintf.o)
 .ARM.attributes
                0x0000086c       0x2c c:/freescale/kds_v3/toolchain/bin/../lib/gcc/arm-none-eabi/4.8.4/../../../../arm-none-eabi/lib/armv6-m\libg_s.a(lib_a-impure.o)
 .ARM.attributes
                0x00000898       0x2c c:/freescale/kds_v3/toolchain/bin/../lib/gcc/arm-none-eabi/4.8.4/../../../../arm-none-eabi/lib/armv6-m\libg_s.a(lib_a-init.o)
 .ARM.attributes
                0x000008c4       0x2c c:/freescale/kds_v3/toolchain/bin/../lib/gcc/arm-none-eabi/4.8.4/../../../../arm-none-eabi/lib/armv6-m\libg_s.a(lib_a-malloc.o)
 .ARM.attributes
                0x000008f0       0x2c c:/freescale/kds_v3/toolchain/bin/../lib/gcc/arm-none-eabi/4.8.4/../../../../arm-none-eabi/lib/armv6-m\libg_s.a(lib_a-memset.o)
 .ARM.attributes
                0x0000091c       0x2c c:/freescale/kds_v3/toolchain/bin/../lib/gcc/arm-none-eabi/4.8.4/../../../../arm-none-eabi/lib/armv6-m\libg_s.a(lib_a-nano-freer.o)
 .ARM.attributes
                0x00000948       0x2c c:/freescale/kds_v3/toolchain/bin/../lib/gcc/arm-none-eabi/4.8.4/../../../../arm-none-eabi/lib/armv6-m\libg_s.a(lib_a-nano-mallocr.o)
 .ARM.attributes
                0x00000974       0x2c c:/freescale/kds_v3/toolchain/bin/../lib/gcc/arm-none-eabi/4.8.4/../../../../arm-none-eabi/lib/armv6-m\libg_s.a(lib_a-sbrkr.o)
 .ARM.attributes
                0x000009a0       0x2c c:/freescale/kds_v3/toolchain/bin/../lib/gcc/arm-none-eabi/4.8.4/../../../../arm-none-eabi/lib/armv6-m\libg_s.a(lib_a-sprintf.o)
 .ARM.attributes
                0x000009cc       0x2c c:/freescale/kds_v3/toolchain/bin/../lib/gcc/arm-none-eabi/4.8.4/../../../../arm-none-eabi/lib/armv6-m\libg_s.a(lib_a-strlen.o)
 .ARM.attributes
                0x000009f8       0x2c c:/freescale/kds_v3/toolchain/bin/../lib/gcc/arm-none-eabi/4.8.4/../../../../arm-none-eabi/lib/armv6-m\libg_s.a(lib_a-svfprintf.o)
 .ARM.attributes
                0x00000a24       0x2c c:/freescale/kds_v3/toolchain/bin/../lib/gcc/arm-none-eabi/4.8.4/../../../../arm-none-eabi/lib/armv6-m\libg_s.a(lib_a-vfprintf.o)
 .ARM.attributes
                0x00000a50       0x2c c:/freescale/kds_v3/toolchain/bin/../lib/gcc/arm-none-eabi/4.8.4/../../../../arm-none-eabi/lib/armv6-m\libg_s.a(lib_a-vfprintf_i.o)
 .ARM.attributes
                0x00000a7c       0x2c c:/freescale/kds_v3/toolchain/bin/../lib/gcc/arm-none-eabi/4.8.4/../../../../arm-none-eabi/lib/armv6-m\libg_s.a(lib_a-wbuf.o)
 .ARM.attributes
                0x00000aa8       0x2c c:/freescale/kds_v3/toolchain/bin/../lib/gcc/arm-none-eabi/4.8.4/../../../../arm-none-eabi/lib/armv6-m\libg_s.a(lib_a-wsetup.o)
 .ARM.attributes
                0x00000ad4       0x2c c:/freescale/kds_v3/toolchain/bin/../lib/gcc/arm-none-eabi/4.8.4/../../../../arm-none-eabi/lib/armv6-m\libg_s.a(lib_a-abort.o)
 .ARM.attributes
                0x00000b00       0x2c c:/freescale/kds_v3/toolchain/bin/../lib/gcc/arm-none-eabi/4.8.4/../../../../arm-none-eabi/lib/armv6-m\libg_s.a(lib_a-fflush.o)
 .ARM.attributes
                0x00000b2c       0x2c c:/freescale/kds_v3/toolchain/bin/../lib/gcc/arm-none-eabi/4.8.4/../../../../arm-none-eabi/lib/armv6-m\libg_s.a(lib_a-findfp.o)
 .ARM.attributes
                0x00000b58       0x2c c:/freescale/kds_v3/toolchain/bin/../lib/gcc/arm-none-eabi/4.8.4/../../../../arm-none-eabi/lib/armv6-m\libg_s.a(lib_a-makebuf.o)
 .ARM.attributes
                0x00000b84       0x2c c:/freescale/kds_v3/toolchain/bin/../lib/gcc/arm-none-eabi/4.8.4/../../../../arm-none-eabi/lib/armv6-m\libg_s.a(lib_a-memchr-stub.o)
 .ARM.attributes
                0x00000bb0       0x2c c:/freescale/kds_v3/toolchain/bin/../lib/gcc/arm-none-eabi/4.8.4/../../../../arm-none-eabi/lib/armv6-m\libg_s.a(lib_a-memcpy-stub.o)
 .ARM.attributes
                0x00000bdc       0x2c c:/freescale/kds_v3/toolchain/bin/../lib/gcc/arm-none-eabi/4.8.4/../../../../arm-none-eabi/lib/armv6-m\libg_s.a(lib_a-memmove.o)
 .ARM.attributes
                0x00000c08       0x2c c:/freescale/kds_v3/toolchain/bin/../lib/gcc/arm-none-eabi/4.8.4/../../../../arm-none-eabi/lib/armv6-m\libg_s.a(lib_a-nano-reallocr.o)
 .ARM.attributes
                0x00000c34       0x2c c:/freescale/kds_v3/toolchain/bin/../lib/gcc/arm-none-eabi/4.8.4/../../../../arm-none-eabi/lib/armv6-m\libg_s.a(lib_a-reent.o)
 .ARM.attributes
                0x00000c60       0x2c c:/freescale/kds_v3/toolchain/bin/../lib/gcc/arm-none-eabi/4.8.4/../../../../arm-none-eabi/lib/armv6-m\libg_s.a(lib_a-signal.o)
 .ARM.attributes
                0x00000c8c       0x2c c:/freescale/kds_v3/toolchain/bin/../lib/gcc/arm-none-eabi/4.8.4/../../../../arm-none-eabi/lib/armv6-m\libg_s.a(lib_a-signalr.o)
 .ARM.attributes
                0x00000cb8       0x2c c:/freescale/kds_v3/toolchain/bin/../lib/gcc/arm-none-eabi/4.8.4/../../../../arm-none-eabi/lib/armv6-m\libg_s.a(lib_a-stdio.o)
 .ARM.attributes
                0x00000ce4       0x2c c:/freescale/kds_v3/toolchain/bin/../lib/gcc/arm-none-eabi/4.8.4/../../../../arm-none-eabi/lib/armv6-m\libg_s.a(lib_a-writer.o)
 .ARM.attributes
                0x00000d10       0x2c c:/freescale/kds_v3/toolchain/bin/../lib/gcc/arm-none-eabi/4.8.4/../../../../arm-none-eabi/lib/armv6-m\libg_s.a(lib_a-closer.o)
 .ARM.attributes
                0x00000d3c       0x2c c:/freescale/kds_v3/toolchain/bin/../lib/gcc/arm-none-eabi/4.8.4/../../../../arm-none-eabi/lib/armv6-m\libg_s.a(lib_a-fstatr.o)
 .ARM.attributes
                0x00000d68       0x2c c:/freescale/kds_v3/toolchain/bin/../lib/gcc/arm-none-eabi/4.8.4/../../../../arm-none-eabi/lib/armv6-m\libg_s.a(lib_a-isattyr.o)
 .ARM.attributes
                0x00000d94       0x2c c:/freescale/kds_v3/toolchain/bin/../lib/gcc/arm-none-eabi/4.8.4/../../../../arm-none-eabi/lib/armv6-m\libg_s.a(lib_a-lseekr.o)
 .ARM.attributes
                0x00000dc0       0x2c c:/freescale/kds_v3/toolchain/bin/../lib/gcc/arm-none-eabi/4.8.4/../../../../arm-none-eabi/lib/armv6-m\libg_s.a(lib_a-nano-msizer.o)
 .ARM.attributes
                0x00000dec       0x2c c:/freescale/kds_v3/toolchain/bin/../lib/gcc/arm-none-eabi/4.8.4/../../../../arm-none-eabi/lib/armv6-m\libg_s.a(lib_a-readr.o)
 .ARM.attributes
                0x00000e18       0x1e c:/freescale/kds_v3/toolchain/bin/../lib/gcc/arm-none-eabi/4.8.4/armv6-m\libgcc.a(_udivsi3.o)
 .ARM.attributes
                0x00000e36       0x1e c:/freescale/kds_v3/toolchain/bin/../lib/gcc/arm-none-eabi/4.8.4/armv6-m\libgcc.a(_dvmd_tls.o)
 .ARM.attributes
                0x00000e54       0x1e c:/freescale/kds_v3/toolchain/bin/../lib/gcc/arm-none-eabi/4.8.4/armv6-m\libgcc.a(_arm_cmpdf2.o)
 .ARM.attributes
                0x00000e72       0x2c c:/freescale/kds_v3/toolchain/bin/../lib/gcc/arm-none-eabi/4.8.4/armv6-m\libgcc.a(mulsf3.o)
 .ARM.attributes
                0x00000e9e       0x2c c:/freescale/kds_v3/toolchain/bin/../lib/gcc/arm-none-eabi/4.8.4/armv6-m\libgcc.a(fixsfsi.o)
 .ARM.attributes
                0x00000eca       0x2c c:/freescale/kds_v3/toolchain/bin/../lib/gcc/arm-none-eabi/4.8.4/armv6-m\libgcc.a(floatsisf.o)
 .ARM.attributes
                0x00000ef6       0x2c c:/freescale/kds_v3/toolchain/bin/../lib/gcc/arm-none-eabi/4.8.4/armv6-m\libgcc.a(adddf3.o)
 .ARM.attributes
                0x00000f22       0x2c c:/freescale/kds_v3/toolchain/bin/../lib/gcc/arm-none-eabi/4.8.4/armv6-m\libgcc.a(divdf3.o)
 .ARM.attributes
                0x00000f4e       0x2c c:/freescale/kds_v3/toolchain/bin/../lib/gcc/arm-none-eabi/4.8.4/armv6-m\libgcc.a(eqdf2.o)
 .ARM.attributes
                0x00000f7a       0x2c c:/freescale/kds_v3/toolchain/bin/../lib/gcc/arm-none-eabi/4.8.4/armv6-m\libgcc.a(gedf2.o)
 .ARM.attributes
                0x00000fa6       0x2c c:/freescale/kds_v3/toolchain/bin/../lib/gcc/arm-none-eabi/4.8.4/armv6-m\libgcc.a(ledf2.o)
 .ARM.attributes
                0x00000fd2       0x2c c:/freescale/kds_v3/toolchain/bin/../lib/gcc/arm-none-eabi/4.8.4/armv6-m\libgcc.a(muldf3.o)
 .ARM.attributes
                0x00000ffe       0x2c c:/freescale/kds_v3/toolchain/bin/../lib/gcc/arm-none-eabi/4.8.4/armv6-m\libgcc.a(subdf3.o)
 .ARM.attributes
                0x0000102a       0x2c c:/freescale/kds_v3/toolchain/bin/../lib/gcc/arm-none-eabi/4.8.4/armv6-m\libgcc.a(fixdfsi.o)
 .ARM.attributes
                0x00001056       0x2c c:/freescale/kds_v3/toolchain/bin/../lib/gcc/arm-none-eabi/4.8.4/armv6-m\libgcc.a(floatsidf.o)
 .ARM.attributes
                0x00001082       0x2c c:/freescale/kds_v3/toolchain/bin/../lib/gcc/arm-none-eabi/4.8.4/armv6-m\libgcc.a(extendsfdf2.o)
 .ARM.attributes
                0x000010ae       0x2c c:/freescale/kds_v3/toolchain/bin/../lib/gcc/arm-none-eabi/4.8.4/armv6-m\libgcc.a(truncdfsf2.o)
 .ARM.attributes
                0x000010da       0x1e c:/freescale/kds_v3/toolchain/bin/../lib/gcc/arm-none-eabi/4.8.4/armv6-m\libgcc.a(_clzsi2.o)
 .ARM.attributes
                0x000010f8       0x2c c:/freescale/kds_v3/toolchain/bin/../lib/gcc/arm-none-eabi/4.8.4/../../../../arm-none-eabi/lib/armv6-m\libnosys.a(close.o)
 .ARM.attributes
                0x00001124       0x2c c:/freescale/kds_v3/toolchain/bin/../lib/gcc/arm-none-eabi/4.8.4/../../../../arm-none-eabi/lib/armv6-m\libnosys.a(fstat.o)
 .ARM.attributes
                0x00001150       0x2c c:/freescale/kds_v3/toolchain/bin/../lib/gcc/arm-none-eabi/4.8.4/../../../../arm-none-eabi/lib/armv6-m\libnosys.a(getpid.o)
 .ARM.attributes
                0x0000117c       0x2c c:/freescale/kds_v3/toolchain/bin/../lib/gcc/arm-none-eabi/4.8.4/../../../../arm-none-eabi/lib/armv6-m\libnosys.a(isatty.o)
 .ARM.attributes
                0x000011a8       0x2c c:/freescale/kds_v3/toolchain/bin/../lib/gcc/arm-none-eabi/4.8.4/../../../../arm-none-eabi/lib/armv6-m\libnosys.a(kill.o)
 .ARM.attributes
                0x000011d4       0x2c c:/freescale/kds_v3/toolchain/bin/../lib/gcc/arm-none-eabi/4.8.4/../../../../arm-none-eabi/lib/armv6-m\libnosys.a(lseek.o)
 .ARM.attributes
                0x00001200       0x2c c:/freescale/kds_v3/toolchain/bin/../lib/gcc/arm-none-eabi/4.8.4/../../../../arm-none-eabi/lib/armv6-m\libnosys.a(_exit.o)
 .ARM.attributes
                0x0000122c       0x2c c:/freescale/kds_v3/toolchain/bin/../lib/gcc/arm-none-eabi/4.8.4/armv6-m/crtend.o
 .ARM.attributes
                0x00001258       0x1e c:/freescale/kds_v3/toolchain/bin/../lib/gcc/arm-none-eabi/4.8.4/armv6-m/crtn.o
                0x00000001                ASSERT ((__StackLimit >= __HeapLimit), region m_data overflowed with stack and heap)
OUTPUT(hello_world_frdmkl25z.elf elf32-littlearm)

.debug_info     0x00000000     0xcef4
 .debug_info    0x00000000      0xa4c ./utilities/fsl_debug_console.o
 .debug_info    0x00000a4c      0x16e ./utilities/fsl_misc_utilities.o
 .debug_info    0x00000bba      0x27c ./startup/startup.o
 .debug_info    0x00000e36       0xc2 ./startup/startup_MKL25Z4.o
 .debug_info    0x00000ef8      0x3cf ./startup/system_MKL25Z4.o
 .debug_info    0x000012c7      0x47d ./src/adc.o
 .debug_info    0x00001744      0x111 ./src/app.o
 .debug_info    0x00001855      0x8c5 ./src/dma.o
 .debug_info    0x0000211a      0x36a ./src/gpio.o
 .debug_info    0x00002484      0x3d4 ./src/uart.o
 .debug_info    0x00002858       0x92 ./source/fsl_lptmr_irq.o
 .debug_info    0x000028ea      0x73d ./source/main.o
 .debug_info    0x00003027      0xa43 ./board/board.o
 .debug_info    0x00003a6a      0x25d ./board/gpio_pins.o
 .debug_info    0x00003cc7       0xd3 ./board/hardware_init.o
 .debug_info    0x00003d9a      0x3f1 ./board/pin_mux.o
 .debug_info    0x0000418b      0x80e C:/Freescale/KSDK_1.3.0/examples/frdmkl25z/demo_apps/hello_world/kds/../../../../../lib/ksdk_platform_lib/kds/KL25Z4/debug/libksdk_platform.a(fsl_uart_hal.o)
 .debug_info    0x00004999      0xfc8 C:/Freescale/KSDK_1.3.0/examples/frdmkl25z/demo_apps/hello_world/kds/../../../../../lib/ksdk_platform_lib/kds/KL25Z4/debug/libksdk_platform.a(fsl_lptmr_driver.o)
 .debug_info    0x00005961      0x917 C:/Freescale/KSDK_1.3.0/examples/frdmkl25z/demo_apps/hello_world/kds/../../../../../lib/ksdk_platform_lib/kds/KL25Z4/debug/libksdk_platform.a(fsl_lpsci_hal.o)